<html>
<body>
<pre>
<h1>µVision Build Log</h1>
<h2>Tool Versions:</h2>
IDE-Version: µVision V5.25.2.0
Copyright (C) 2018 ARM Ltd and ARM Germany GmbH. All rights reserved.
License Information: Bang Tran Nam Bang, UIT, LIC=LSN01-C1ILF-WFWI7-ETBVK-HWEZW-YW22S
 
Tool Versions:
Toolchain:       MDK-ARM Plus  Version: 5.25.2.0
Toolchain Path:  C:\Keil_v5\ARM\ARMCC\Bin
C Compiler:      Armcc.exe V5.06 update 6 (build 750)
Assembler:       Armasm.exe V5.06 update 6 (build 750)
Linker/Locator:  ArmLink.exe V5.06 update 6 (build 750)
Library Manager: ArmAr.exe V5.06 update 6 (build 750)
Hex Converter:   FromElf.exe V5.06 update 6 (build 750)
CPU DLL:         SARMCM3.DLL V5.25.2.0
Dialog DLL:      DCM.DLL V1.17.1.0
Target DLL:      STLink\ST-LINKIII-KEIL_SWO.dll V3.0.1.0
Dialog DLL:      TCM.DLL V1.35.1.0
 
<h2>Project:</h2>
E:\github.com\NamBang\Inverted_Pendulum\STM32F429ZI\stm32f429-master\09_STM32F429_Encoder\MDK-ARM\Encoder.uvprojx
Project File Date:  11/25/2018

<h2>Output:</h2>
*** Using Compiler 'V5.06 update 6 (build 750)', folder: 'C:\Keil_v5\ARM\ARMCC\Bin'
Build target 'Encoder'
compiling B_stm32f4_dma.c...
compiling stm32f4xx_it.c...
..\Src\stm32f4xx_it.c(208): warning:  #1035-D: single-precision operand implicitly converted to double-precision
  			PSP=0.0-(float)((count_recent1-count_update1));
..\Src\stm32f4xx_it.c(229): warning:  #1035-D: single-precision operand implicitly converted to double-precision
  	PSP = PSP_Update-LPF_Beta*(PSP_Update-PSP);
..\Src\stm32f4xx_it.c: 2 warnings, 0 errors
compiling main.c...
linking...
Program Size: Code=11858 RO-data=642 RW-data=184 ZI-data=1776  
FromELF: creating hex file...
".\Objects\Encoder.axf" - 0 Error(s), 2 Warning(s).

<h2>Software Packages used:</h2>

Package Vendor: Keil
                http://www.keil.com/pack/Keil.STM32F4xx_DFP.2.13.0.pack
                Keil.STM32F4xx_DFP.2.13.0
                STMicroelectronics STM32F4 Series Device Support, Drivers and Examples

<h2>Collection of Component include folders:</h2>
  .\RTE\_Encoder
  C:\Keil_v5\ARM\PACK\Keil\STM32F4xx_DFP\2.13.0\Drivers\CMSIS\Device\ST\STM32F4xx\Include

<h2>Collection of Component Files used:</h2>
Build Time Elapsed:  00:00:04
</pre>
</body>
</html>
