Component: ARM Compiler 5.06 update 6 (build 750) Tool: armlink [4d35ed]

==============================================================================

Section Cross References

    system_stm32f4xx.o(i.SystemCoreClockUpdate) refers to system_stm32f4xx.o(.data) for SystemCoreClock
    system_stm32f4xx.o(i.SystemInit) refers to system_stm32f4xx.o(i.SetSysClock) for SetSysClock
    startup_stm32f429_439xx.o(STACK) refers (Special) to heapauxi.o(.text) for __use_two_region_memory
    startup_stm32f429_439xx.o(HEAP) refers (Special) to heapauxi.o(.text) for __use_two_region_memory
    startup_stm32f429_439xx.o(RESET) refers (Special) to heapauxi.o(.text) for __use_two_region_memory
    startup_stm32f429_439xx.o(RESET) refers to startup_stm32f429_439xx.o(STACK) for __initial_sp
    startup_stm32f429_439xx.o(RESET) refers to startup_stm32f429_439xx.o(.text) for Reset_Handler
    startup_stm32f429_439xx.o(RESET) refers to stm32f4xx_it.o(i.NMI_Handler) for NMI_Handler
    startup_stm32f429_439xx.o(RESET) refers to stm32f4xx_it.o(i.HardFault_Handler) for HardFault_Handler
    startup_stm32f429_439xx.o(RESET) refers to stm32f4xx_it.o(i.MemManage_Handler) for MemManage_Handler
    startup_stm32f429_439xx.o(RESET) refers to stm32f4xx_it.o(i.BusFault_Handler) for BusFault_Handler
    startup_stm32f429_439xx.o(RESET) refers to stm32f4xx_it.o(i.UsageFault_Handler) for UsageFault_Handler
    startup_stm32f429_439xx.o(RESET) refers to stm32f4xx_it.o(i.SVC_Handler) for SVC_Handler
    startup_stm32f429_439xx.o(RESET) refers to stm32f4xx_it.o(i.DebugMon_Handler) for DebugMon_Handler
    startup_stm32f429_439xx.o(RESET) refers to stm32f4xx_it.o(i.PendSV_Handler) for PendSV_Handler
    startup_stm32f429_439xx.o(RESET) refers to stm32f4xx_it.o(i.SysTick_Handler) for SysTick_Handler
    startup_stm32f429_439xx.o(RESET) refers to stm32f4xx_it.o(i.TIM2_IRQHandler) for TIM2_IRQHandler
    startup_stm32f429_439xx.o(RESET) refers to stm32f4xx_it.o(i.TIM3_IRQHandler) for TIM3_IRQHandler
    startup_stm32f429_439xx.o(.text) refers (Special) to heapauxi.o(.text) for __use_two_region_memory
    startup_stm32f429_439xx.o(.text) refers to system_stm32f4xx.o(i.SystemInit) for SystemInit
    startup_stm32f429_439xx.o(.text) refers to __main.o(!!!main) for __main
    startup_stm32f429_439xx.o(.text) refers to startup_stm32f429_439xx.o(HEAP) for Heap_Mem
    startup_stm32f429_439xx.o(.text) refers to startup_stm32f429_439xx.o(STACK) for Stack_Mem
    stm32f4xx_usart.o(i.USART_DeInit) refers to stm32f4xx_rcc.o(i.RCC_APB2PeriphResetCmd) for RCC_APB2PeriphResetCmd
    stm32f4xx_usart.o(i.USART_DeInit) refers to stm32f4xx_rcc.o(i.RCC_APB1PeriphResetCmd) for RCC_APB1PeriphResetCmd
    stm32f4xx_usart.o(i.USART_Init) refers to stm32f4xx_rcc.o(i.RCC_GetClocksFreq) for RCC_GetClocksFreq
    stm32f4xx_tim.o(i.TIM_DeInit) refers to stm32f4xx_rcc.o(i.RCC_APB2PeriphResetCmd) for RCC_APB2PeriphResetCmd
    stm32f4xx_tim.o(i.TIM_DeInit) refers to stm32f4xx_rcc.o(i.RCC_APB1PeriphResetCmd) for RCC_APB1PeriphResetCmd
    stm32f4xx_tim.o(i.TIM_ETRClockMode1Config) refers to stm32f4xx_tim.o(i.TIM_ETRConfig) for TIM_ETRConfig
    stm32f4xx_tim.o(i.TIM_ETRClockMode2Config) refers to stm32f4xx_tim.o(i.TIM_ETRConfig) for TIM_ETRConfig
    stm32f4xx_tim.o(i.TIM_ICInit) refers to stm32f4xx_tim.o(i.TI1_Config) for TI1_Config
    stm32f4xx_tim.o(i.TIM_ICInit) refers to stm32f4xx_tim.o(i.TIM_SetIC1Prescaler) for TIM_SetIC1Prescaler
    stm32f4xx_tim.o(i.TIM_ICInit) refers to stm32f4xx_tim.o(i.TI2_Config) for TI2_Config
    stm32f4xx_tim.o(i.TIM_ICInit) refers to stm32f4xx_tim.o(i.TIM_SetIC2Prescaler) for TIM_SetIC2Prescaler
    stm32f4xx_tim.o(i.TIM_ICInit) refers to stm32f4xx_tim.o(i.TI3_Config) for TI3_Config
    stm32f4xx_tim.o(i.TIM_ICInit) refers to stm32f4xx_tim.o(i.TIM_SetIC3Prescaler) for TIM_SetIC3Prescaler
    stm32f4xx_tim.o(i.TIM_ICInit) refers to stm32f4xx_tim.o(i.TI4_Config) for TI4_Config
    stm32f4xx_tim.o(i.TIM_ICInit) refers to stm32f4xx_tim.o(i.TIM_SetIC4Prescaler) for TIM_SetIC4Prescaler
    stm32f4xx_tim.o(i.TIM_ITRxExternalClockConfig) refers to stm32f4xx_tim.o(i.TIM_SelectInputTrigger) for TIM_SelectInputTrigger
    stm32f4xx_tim.o(i.TIM_PWMIConfig) refers to stm32f4xx_tim.o(i.TI1_Config) for TI1_Config
    stm32f4xx_tim.o(i.TIM_PWMIConfig) refers to stm32f4xx_tim.o(i.TIM_SetIC1Prescaler) for TIM_SetIC1Prescaler
    stm32f4xx_tim.o(i.TIM_PWMIConfig) refers to stm32f4xx_tim.o(i.TI2_Config) for TI2_Config
    stm32f4xx_tim.o(i.TIM_PWMIConfig) refers to stm32f4xx_tim.o(i.TIM_SetIC2Prescaler) for TIM_SetIC2Prescaler
    stm32f4xx_tim.o(i.TIM_TIxExternalClockConfig) refers to stm32f4xx_tim.o(i.TI2_Config) for TI2_Config
    stm32f4xx_tim.o(i.TIM_TIxExternalClockConfig) refers to stm32f4xx_tim.o(i.TI1_Config) for TI1_Config
    stm32f4xx_tim.o(i.TIM_TIxExternalClockConfig) refers to stm32f4xx_tim.o(i.TIM_SelectInputTrigger) for TIM_SelectInputTrigger
[...]
    Removing stm32f4xx_dma2d.o(i.DMA2D_GetFlagStatus), (24 bytes).
    Removing stm32f4xx_dma2d.o(i.DMA2D_GetITStatus), (44 bytes).
    Removing stm32f4xx_dma2d.o(i.DMA2D_ITConfig), (32 bytes).
    Removing stm32f4xx_dma2d.o(i.DMA2D_Init), (228 bytes).
    Removing stm32f4xx_dma2d.o(i.DMA2D_LineWatermarkConfig), (12 bytes).
    Removing stm32f4xx_dma2d.o(i.DMA2D_StartTransfer), (20 bytes).
    Removing stm32f4xx_dma2d.o(i.DMA2D_StructInit), (24 bytes).
    Removing stm32f4xx_dma2d.o(i.DMA2D_Suspend), (36 bytes).
    Removing b_stm32f4_gpio.o(.rev16_text), (4 bytes).
    Removing b_stm32f4_gpio.o(.revsh_text), (4 bytes).
    Removing b_stm32f4_gpio.o(.rrx_text), (6 bytes).
    Removing b_stm32f4_gpio.o(i.B_GPIO_InitAlternate), (126 bytes).
    Removing b_stm32f4_gpio.o(i.Config_Button_Led), (56 bytes).
    Removing main.o(.rev16_text), (4 bytes).
    Removing main.o(.revsh_text), (4 bytes).
    Removing main.o(.rrx_text), (6 bytes).
    Removing b_stm32f4_usart.o(.rev16_text), (4 bytes).
    Removing b_stm32f4_usart.o(.revsh_text), (4 bytes).
    Removing b_stm32f4_usart.o(.rrx_text), (6 bytes).
    Removing b_stm32f4_usart.o(i.Delay_ms), (20 bytes).
    Removing b_stm32f4_usart.o(i.USART_PutChar), (32 bytes).
    Removing b_stm32f4_usart.o(i.USART_PutString), (22 bytes).
    Removing b_stm32f4_usart.o(i.fputc), (16 bytes).
    Removing tm_stm32f4_delay.o(.rev16_text), (4 bytes).
    Removing tm_stm32f4_delay.o(.revsh_text), (4 bytes).
    Removing tm_stm32f4_delay.o(.rrx_text), (6 bytes).
    Removing tm_stm32f4_delay.o(i.TM_DELAY_DisableDelayTimer), (18 bytes).
    Removing tm_stm32f4_delay.o(i.TM_DELAY_EnableDelayTimer), (32 bytes).
    Removing tm_stm32f4_delay.o(i.TM_DELAY_Init), (136 bytes).
    Removing tm_stm32f4_delay.o(i.TM_DELAY_TimerAutoReload), (4 bytes).
    Removing tm_stm32f4_delay.o(i.TM_DELAY_TimerAutoReloadValue), (4 bytes).
    Removing tm_stm32f4_delay.o(i.TM_DELAY_TimerCreate), (88 bytes).
    Removing tm_stm32f4_delay.o(i.TM_DELAY_TimerDelete), (132 bytes).
    Removing tm_stm32f4_delay.o(i.TM_DELAY_TimerReset), (6 bytes).
    Removing tm_stm32f4_delay.o(i.TM_DELAY_TimerStart), (6 bytes).
    Removing tm_stm32f4_delay.o(i.TM_DELAY_TimerStop), (6 bytes).
    Removing tm_stm32f4_delay.o(i.sysTick_Handler), (176 bytes).
    Removing tm_stm32f4_delay.o(.bss), (24 bytes).
    Removing tm_stm32f4_delay.o(.data), (17 bytes).
    Removing b_stm32f4_tim.o(.rev16_text), (4 bytes).
    Removing b_stm32f4_tim.o(.revsh_text), (4 bytes).
    Removing b_stm32f4_tim.o(.rrx_text), (6 bytes).
    Removing b_stm32f4_tim.o(i.TIM1_PWM), (148 bytes).
    Removing b_stm32f4_tim.o(i.control_PWM1), (56 bytes).
    Removing stm32f4xx_it.o(.rev16_text), (4 bytes).
    Removing stm32f4xx_it.o(.revsh_text), (4 bytes).
    Removing stm32f4xx_it.o(.rrx_text), (6 bytes).
    Removing pid_controller.o(.rev16_text), (4 bytes).
    Removing pid_controller.o(.revsh_text), (4 bytes).
    Removing pid_controller.o(.rrx_text), (6 bytes).
    Removing pid_controller.o(i.PIDCompute), (200 bytes).
    Removing pid_controller.o(i.PIDControllerDirectionSet), (54 bytes).
    Removing pid_controller.o(i.PIDInit), (144 bytes).
    Removing pid_controller.o(i.PIDModeSet), (90 bytes).
    Removing pid_controller.o(i.PIDOutputLimitsSet), (128 bytes).
    Removing pid_controller.o(i.PIDSampleTimeSet), (48 bytes).
    Removing pid_controller.o(i.PIDTuningKdSet), (36 bytes).
    Removing pid_controller.o(i.PIDTuningKiSet), (36 bytes).
    Removing pid_controller.o(i.PIDTuningKpSet), (36 bytes).
    Removing pid_controller.o(i.PIDTuningsSet), (120 bytes).
    Removing pid_controller.o(i.PID_Init), (108 bytes).
    Removing pid_controller.o(.bss), (60 bytes).
    Removing b_stm32f4_dma.o(.rev16_text), (4 bytes).
    Removing b_stm32f4_dma.o(.revsh_text), (4 bytes).
    Removing b_stm32f4_dma.o(.rrx_text), (6 bytes).

329 unused section(s) (total 11287 bytes) removed from the image.

==============================================================================

Image Symbol Table

    Local Symbols

    Symbol Name                              Value     Ov Type        Size  Object(Section)

    ../clib/angel/boardlib.s                 0x00000000   Number         0  boardinit1.o ABSOLUTE
    ../clib/angel/boardlib.s                 0x00000000   Number         0  boardshut.o ABSOLUTE
    ../clib/angel/boardlib.s                 0x00000000   Number         0  boardinit3.o ABSOLUTE
    ../clib/angel/boardlib.s                 0x00000000   Number         0  boardinit2.o ABSOLUTE
    ../clib/angel/handlers.s                 0x00000000   Number         0  __scatter_zi.o ABSOLUTE
    ../clib/angel/handlers.s                 0x00000000   Number         0  __scatter_copy.o ABSOLUTE
    ../clib/angel/kernel.s                   0x00000000   Number         0  __rtentry2.o ABSOLUTE
    ../clib/angel/kernel.s                   0x00000000   Number         0  rtexit.o ABSOLUTE
    ../clib/angel/kernel.s                   0x00000000   Number         0  __rtentry.o ABSOLUTE
    ../clib/angel/kernel.s                   0x00000000   Number         0  __rtentry4.o ABSOLUTE
    ../clib/angel/kernel.s                   0x00000000   Number         0  rtexit2.o ABSOLUTE
    ../clib/angel/rt.s                       0x00000000   Number         0  rt_raise.o ABSOLUTE
    ../clib/angel/rt.s                       0x00000000   Number         0  rt_heap_descriptor_intlibspace.o ABSOLUTE
    ../clib/angel/rt.s                       0x00000000   Number         0  rt_heap_descriptor.o ABSOLUTE
    ../clib/angel/scatter.s                  0x00000000   Number         0  __scatter.o ABSOLUTE
    ../clib/angel/startup.s                  0x00000000   Number         0  __main.o ABSOLUTE
    ../clib/angel/sys.s                      0x00000000   Number         0  indicate_semi.o ABSOLUTE
    ../clib/angel/sys.s                      0x00000000   Number         0  use_no_semi.o ABSOLUTE
    ../clib/angel/sys.s                      0x00000000   Number         0  libspace.o ABSOLUTE
    ../clib/angel/sys.s                      0x00000000   Number         0  mutex_dummy.o ABSOLUTE
    ../clib/angel/sys.s                      0x00000000   Number         0  sys_stackheap_outer.o ABSOLUTE
    ../clib/angel/sysapp.c                   0x00000000   Number         0  sys_command.o ABSOLUTE
    ../clib/angel/sysapp.c                   0x00000000   Number         0  sys_exit.o ABSOLUTE
    ../clib/angel/sysapp.c                   0x00000000   Number         0  sys_wrch.o ABSOLUTE
    ../clib/armsys.c                         0x00000000   Number         0  argv_veneer.o ABSOLUTE
    ../clib/armsys.c                         0x00000000   Number         0  _get_argv.o ABSOLUTE
    ../clib/armsys.c                         0x00000000   Number         0  no_argv.o ABSOLUTE
    ../clib/armsys.c                         0x00000000   Number         0  _get_argv_nomalloc.o ABSOLUTE
    ../clib/armsys.c                         0x00000000   Number         0  argv_veneer.o ABSOLUTE
    ../clib/heap1.c                          0x00000000   Number         0  h1_alloc_mt.o ABSOLUTE
    ../clib/heap1.c                          0x00000000   Number         0  h1_free.o ABSOLUTE
    ../clib/heap1.c                          0x00000000   Number         0  h1_alloc.o ABSOLUTE
    ../clib/heap1.c                          0x00000000   Number         0  h1_init_mt.o ABSOLUTE
    ../clib/heap1.c                          0x00000000   Number         0  h1_init.o ABSOLUTE
    ../clib/heap1.c                          0x00000000   Number         0  h1_final_mt.o ABSOLUTE
    ../clib/heap1.c                          0x00000000   Number         0  h1_final.o ABSOLUTE
    ../clib/heap1.c                          0x00000000   Number         0  h1_extend_mt.o ABSOLUTE
    ../clib/heap1.c                          0x00000000   Number         0  h1_extend.o ABSOLUTE
    ../clib/heap1.c                          0x00000000   Number         0  h1_free_mt.o ABSOLUTE
    ../clib/heap2.c                          0x00000000   Number         0  heap2mt.o ABSOLUTE
    ../clib/heap2.c                          0x00000000   Number         0  fdtree.o ABSOLUTE
    ../clib/heap2.c                          0x00000000   Number         0  heap2.o ABSOLUTE
    ../clib/heapalloc.c                      0x00000000   Number         0  term_alloc.o ABSOLUTE
    ../clib/heapalloc.c                      0x00000000   Number         0  heapstubs.o ABSOLUTE
    ../clib/heapalloc.c                      0x00000000   Number         0  init_alloc.o ABSOLUTE
    ../clib/heapalloc.c                      0x00000000   Number         0  hrguard.o ABSOLUTE
    ../clib/heapalloc.c                      0x00000000   Number         0  maybetermalloc1.o ABSOLUTE
    ../clib/heapalloc.c                      0x00000000   Number         0  hguard.o ABSOLUTE
    ../clib/heapalloc.c                      0x00000000   Number         0  maybetermalloc2.o ABSOLUTE
    ../clib/heapalloc.c                      0x00000000   Number         0  maybetermalloc2.o ABSOLUTE
    ../clib/heapalloc.c                      0x00000000   Number         0  free.o ABSOLUTE
    ../clib/heapalloc.c                      0x00000000   Number         0  malloc.o ABSOLUTE
    ../clib/heapalloc.c                      0x00000000   Number         0  maybetermalloc1.o ABSOLUTE
    ../clib/heapaux.c                        0x00000000   Number         0  heapauxi.o ABSOLUTE
    ../clib/heapaux.c                        0x00000000   Number         0  heapauxa.o ABSOLUTE
    ../clib/libinit.s                        0x00000000   Number         0  libshutdown2.o ABSOLUTE
    ../clib/libinit.s                        0x00000000   Number         0  libshutdown.o ABSOLUTE
    ../clib/libinit.s                        0x00000000   Number         0  libinit2.o ABSOLUTE
    ../clib/libinit.s                        0x00000000   Number         0  libinit.o ABSOLUTE
    ../clib/memcpset.s                       0x00000000   Number         0  rt_memcpy_w.o ABSOLUTE
    ../clib/printf.c                         0x00000000   Number         0  __printf_ss_wp.o ABSOLUTE
    ../clib/printf.c                         0x00000000   Number         0  __printf_flags_wp.o ABSOLUTE
    ../clib/printf.c                         0x00000000   Number         0  __printf_wp.o ABSOLUTE
    ../clib/printf.c                         0x00000000   Number         0  __printf_ss.o ABSOLUTE
    ../clib/printf.c                         0x00000000   Number         0  __printf_flags.o ABSOLUTE
    ../clib/printf.c                         0x00000000   Number         0  _printf_dec.o ABSOLUTE
    ../clib/printf.c                         0x00000000   Number         0  __printf.o ABSOLUTE
    ../clib/printf.c                         0x00000000   Number         0  noretval__2sprintf.o ABSOLUTE
    ../clib/printf.c                         0x00000000   Number         0  __2sprintf.o ABSOLUTE
    ../clib/printf.c                         0x00000000   Number         0  _printf_char_common.o ABSOLUTE
    ../clib/printf.c                         0x00000000   Number         0  __printf_flags_ss.o ABSOLUTE
    ../clib/printf.c                         0x00000000   Number         0  __printf_nopercent.o ABSOLUTE
    ../clib/printf.c                         0x00000000   Number         0  _sputc.o ABSOLUTE
    ../clib/printf.c                         0x00000000   Number         0  _printf_intcommon.o ABSOLUTE
    ../clib/printf.c                         0x00000000   Number         0  __printf_flags_ss_wp.o ABSOLUTE
    ../clib/printf_percent.s                 0x00000000   Number         0  _printf_d.o ABSOLUTE
    ../clib/printf_percent.s                 0x00000000   Number         0  _printf_percent.o ABSOLUTE
    ../clib/printf_percent.s                 0x00000000   Number         0  _printf_percent_end.o ABSOLUTE
    ../clib/signal.c                         0x00000000   Number         0  defsig_stak_inner.o ABSOLUTE
    ../clib/signal.c                         0x00000000   Number         0  defsig_cppl_inner.o ABSOLUTE
    ../clib/signal.c                         0x00000000   Number         0  defsig_pvfn_inner.o ABSOLUTE
    ../clib/signal.c                         0x00000000   Number         0  __raise.o ABSOLUTE
    ../clib/signal.c                         0x00000000   Number         0  defsig_general.o ABSOLUTE
    ../clib/signal.c                         0x00000000   Number         0  defsig_segv_inner.o ABSOLUTE
    ../clib/signal.c                         0x00000000   Number         0  defsig_abrt_inner.o ABSOLUTE
    ../clib/signal.c                         0x00000000   Number         0  defsig_exit.o ABSOLUTE
    ../clib/signal.c                         0x00000000   Number         0  defsig_rtmem_inner.o ABSOLUTE
    ../clib/signal.c                         0x00000000   Number         0  defsig_fpe_inner.o ABSOLUTE
    ../clib/signal.c                         0x00000000   Number         0  defsig_rtred_inner.o ABSOLUTE
    ../clib/signal.c                         0x00000000   Number         0  defsig_rtmem_outer.o ABSOLUTE
    ../clib/signal.c                         0x00000000   Number         0  defsig_rtmem_formal.o ABSOLUTE
    ../clib/signal.c                         0x00000000   Number         0  defsig_other.o ABSOLUTE
    ../clib/signal.s                         0x00000000   Number         0  defsig.o ABSOLUTE
    ../clib/stdlib.c                         0x00000000   Number         0  exit.o ABSOLUTE
    ../clib/string.c                         0x00000000   Number         0  strlen.o ABSOLUTE
    ../fplib/fpinit.s                        0x00000000   Number         0  fpinit.o ABSOLUTE
    ..\..\..\Stm32F429 library\CMSIS\src\core_cm4.c 0x00000000   Number         0  core_cm4.o ABSOLUTE
    ..\..\..\Stm32F429 library\CMSIS\src\system_stm32f4xx.c 0x00000000   Number         0  system_stm32f4xx.o ABSOLUTE
    ..\..\..\Stm32F429 library\My_Library\src\B_stm32f4_gpio.c 0x00000000   Number         0  b_stm32f4_gpio.o ABSOLUTE
    ..\..\..\Stm32F429 library\My_Library\src\B_stm32f4_usart.c 0x00000000   Number         0  b_stm32f4_usart.o ABSOLUTE
    ..\..\..\Stm32F429 library\STM32F4xx_StdPeriph_Driver\src\misc.c 0x00000000   Number         0  misc.o ABSOLUTE
    ..\..\..\Stm32F429 library\STM32F4xx_StdPeriph_Driver\src\stm32f4xx_dma.c 0x00000000   Number         0  stm32f4xx_dma.o ABSOLUTE
    ..\..\..\Stm32F429 library\STM32F4xx_StdPeriph_Driver\src\stm32f4xx_dma2d.c 0x00000000   Number         0  stm32f4xx_dma2d.o ABSOLUTE
    ..\..\..\Stm32F429 library\STM32F4xx_StdPeriph_Driver\src\stm32f4xx_exti.c 0x00000000   Number         0  stm32f4xx_exti.o ABSOLUTE
    ..\..\..\Stm32F429 library\STM32F4xx_StdPeriph_Driver\src\stm32f4xx_flash.c 0x00000000   Number         0  stm32f4xx_flash.o ABSOLUTE
    ..\..\..\Stm32F429 library\STM32F4xx_StdPeriph_Driver\src\stm32f4xx_gpio.c 0x00000000   Number         0  stm32f4xx_gpio.o ABSOLUTE
    ..\..\..\Stm32F429 library\STM32F4xx_StdPeriph_Driver\src\stm32f4xx_rcc.c 0x00000000   Number         0  stm32f4xx_rcc.o ABSOLUTE
    ..\..\..\Stm32F429 library\STM32F4xx_StdPeriph_Driver\src\stm32f4xx_syscfg.c 0x00000000   Number         0  stm32f4xx_syscfg.o ABSOLUTE
    ..\..\..\Stm32F429 library\STM32F4xx_StdPeriph_Driver\src\stm32f4xx_tim.c 0x00000000   Number         0  stm32f4xx_tim.o ABSOLUTE
    ..\..\..\Stm32F429 library\STM32F4xx_StdPeriph_Driver\src\stm32f4xx_usart.c 0x00000000   Number         0  stm32f4xx_usart.o ABSOLUTE
    ..\..\..\Stm32F429 library\StartUp\startup_stm32f429_439xx.s 0x00000000   Number         0  startup_stm32f429_439xx.o ABSOLUTE
    ..\Src\B_stm32f4_dma.c                   0x00000000   Number         0  b_stm32f4_dma.o ABSOLUTE
    ..\Src\B_stm32f4_tim.c                   0x00000000   Number         0  b_stm32f4_tim.o ABSOLUTE
    ..\Src\pid_controller.c                  0x00000000   Number         0  pid_controller.o ABSOLUTE
    ..\Src\stm32f4xx_it.c                    0x00000000   Number         0  stm32f4xx_it.o ABSOLUTE
    ..\Src\tm_stm32f4_delay.c                0x00000000   Number         0  tm_stm32f4_delay.o ABSOLUTE
    ..\\..\\..\\Stm32F429 library\\CMSIS\\src\\system_stm32f4xx.c 0x00000000   Number         0  system_stm32f4xx.o ABSOLUTE
    ..\\..\\..\\Stm32F429 library\\My_Library\\src\\B_stm32f4_gpio.c 0x00000000   Number         0  b_stm32f4_gpio.o ABSOLUTE
    ..\\..\\..\\Stm32F429 library\\My_Library\\src\\B_stm32f4_usart.c 0x00000000   Number         0  b_stm32f4_usart.o ABSOLUTE
    ..\\..\\..\\Stm32F429 library\\STM32F4xx_StdPeriph_Driver\\src\\misc.c 0x00000000   Number         0  misc.o ABSOLUTE
    ..\\..\\..\\Stm32F429 library\\STM32F4xx_StdPeriph_Driver\\src\\stm32f4xx_dma.c 0x00000000   Number         0  stm32f4xx_dma.o ABSOLUTE
    ..\\..\\..\\Stm32F429 library\\STM32F4xx_StdPeriph_Driver\\src\\stm32f4xx_dma2d.c 0x00000000   Number         0  stm32f4xx_dma2d.o ABSOLUTE
    ..\\..\\..\\Stm32F429 library\\STM32F4xx_StdPeriph_Driver\\src\\stm32f4xx_exti.c 0x00000000   Number         0  stm32f4xx_exti.o ABSOLUTE
    ..\\..\\..\\Stm32F429 library\\STM32F4xx_StdPeriph_Driver\\src\\stm32f4xx_flash.c 0x00000000   Number         0  stm32f4xx_flash.o ABSOLUTE
    ..\\..\\..\\Stm32F429 library\\STM32F4xx_StdPeriph_Driver\\src\\stm32f4xx_gpio.c 0x00000000   Number         0  stm32f4xx_gpio.o ABSOLUTE
    ..\\..\\..\\Stm32F429 library\\STM32F4xx_StdPeriph_Driver\\src\\stm32f4xx_rcc.c 0x00000000   Number         0  stm32f4xx_rcc.o ABSOLUTE
    ..\\..\\..\\Stm32F429 library\\STM32F4xx_StdPeriph_Driver\\src\\stm32f4xx_syscfg.c 0x00000000   Number         0  stm32f4xx_syscfg.o ABSOLUTE
    ..\\..\\..\\Stm32F429 library\\STM32F4xx_StdPeriph_Driver\\src\\stm32f4xx_tim.c 0x00000000   Number         0  stm32f4xx_tim.o ABSOLUTE
    ..\\..\\..\\Stm32F429 library\\STM32F4xx_StdPeriph_Driver\\src\\stm32f4xx_usart.c 0x00000000   Number         0  stm32f4xx_usart.o ABSOLUTE
    ..\\Src\\B_stm32f4_dma.c                 0x00000000   Number         0  b_stm32f4_dma.o ABSOLUTE
    ..\\Src\\B_stm32f4_tim.c                 0x00000000   Number         0  b_stm32f4_tim.o ABSOLUTE
    ..\\Src\\pid_controller.c                0x00000000   Number         0  pid_controller.o ABSOLUTE
    ..\\Src\\stm32f4xx_it.c                  0x00000000   Number         0  stm32f4xx_it.o ABSOLUTE
    ..\\Src\\tm_stm32f4_delay.c              0x00000000   Number         0  tm_stm32f4_delay.o ABSOLUTE
    dc.s                                     0x00000000   Number         0  dc.o ABSOLUTE
    main.c                                   0x00000000   Number         0  main.o ABSOLUTE
    main.c                                   0x00000000   Number         0  main.o ABSOLUTE
    RESET                                    0x08000000   Section      428  startup_stm32f429_439xx.o(RESET)
    !!!main                                  0x080001ac   Section        8  __main.o(!!!main)
    !!!scatter                               0x080001b4   Section       52  __scatter.o(!!!scatter)
    !!handler_copy                           0x080001e8   Section       26  __scatter_copy.o(!!handler_copy)
    !!handler_zi                             0x08000204   Section       28  __scatter_zi.o(!!handler_zi)
    .ARM.Collect$$_printf_percent$$00000000  0x08000220   Section        0  _printf_percent.o(.ARM.Collect$$_printf_percent$$00000000)
    .ARM.Collect$$_printf_percent$$00000009  0x08000220   Section        6  _printf_d.o(.ARM.Collect$$_printf_percent$$00000009)
    .ARM.Collect$$_printf_percent$$00000017  0x08000226   Section        4  _printf_percent_end.o(.ARM.Collect$$_printf_percent$$00000017)
    .ARM.Collect$$libinit$$00000000          0x0800022a   Section        2  libinit.o(.ARM.Collect$$libinit$$00000000)
    .ARM.Collect$$libinit$$00000001          0x0800022c   Section        4  libinit2.o(.ARM.Collect$$libinit$$00000001)
    .ARM.Collect$$libinit$$00000004          0x08000230   Section        0  libinit2.o(.ARM.Collect$$libinit$$00000004)
    .ARM.Collect$$libinit$$0000000A          0x08000230   Section        0  libinit2.o(.ARM.Collect$$libinit$$0000000A)
    .ARM.Collect$$libinit$$0000000C          0x08000230   Section        0  libinit2.o(.ARM.Collect$$libinit$$0000000C)
    .ARM.Collect$$libinit$$0000000E          0x08000230   Section        0  libinit2.o(.ARM.Collect$$libinit$$0000000E)
    .ARM.Collect$$libinit$$00000011          0x08000230   Section        0  libinit2.o(.ARM.Collect$$libinit$$00000011)
    .ARM.Collect$$libinit$$00000013          0x08000230   Section        0  libinit2.o(.ARM.Collect$$libinit$$00000013)
    .ARM.Collect$$libinit$$00000015          0x08000230   Section        0  libinit2.o(.ARM.Collect$$libinit$$00000015)
    .ARM.Collect$$libinit$$00000017          0x08000230   Section        0  libinit2.o(.ARM.Collect$$libinit$$00000017)
    .ARM.Collect$$libinit$$00000019          0x08000230   Section        0  libinit2.o(.ARM.Collect$$libinit$$00000019)
    .ARM.Collect$$libinit$$0000001B          0x08000230   Section        0  libinit2.o(.ARM.Collect$$libinit$$0000001B)
    .ARM.Collect$$libinit$$0000001D          0x08000230   Section        0  libinit2.o(.ARM.Collect$$libinit$$0000001D)
    .ARM.Collect$$libinit$$0000001F          0x08000230   Section        0  libinit2.o(.ARM.Collect$$libinit$$0000001F)
    .ARM.Collect$$libinit$$00000021          0x08000230   Section        0  libinit2.o(.ARM.Collect$$libinit$$00000021)
    .ARM.Collect$$libinit$$00000023          0x08000230   Section        0  libinit2.o(.ARM.Collect$$libinit$$00000023)
    .ARM.Collect$$libinit$$00000025          0x08000230   Section        0  libinit2.o(.ARM.Collect$$libinit$$00000025)
    .ARM.Collect$$libinit$$0000002C          0x08000230   Section        0  libinit2.o(.ARM.Collect$$libinit$$0000002C)
    .ARM.Collect$$libinit$$0000002E          0x08000230   Section        0  libinit2.o(.ARM.Collect$$libinit$$0000002E)
    .ARM.Collect$$libinit$$00000030          0x08000230   Section        0  libinit2.o(.ARM.Collect$$libinit$$00000030)
    .ARM.Collect$$libinit$$00000032          0x08000230   Section        0  libinit2.o(.ARM.Collect$$libinit$$00000032)
    .ARM.Collect$$libinit$$00000033          0x08000230   Section        2  libinit2.o(.ARM.Collect$$libinit$$00000033)
    .ARM.Collect$$libshutdown$$00000000      0x08000232   Section        2  libshutdown.o(.ARM.Collect$$libshutdown$$00000000)
    .ARM.Collect$$libshutdown$$00000002      0x08000234   Section        0  libshutdown2.o(.ARM.Collect$$libshutdown$$00000002)
    .ARM.Collect$$libshutdown$$00000004      0x08000234   Section        0  libshutdown2.o(.ARM.Collect$$libshutdown$$00000004)
    .ARM.Collect$$libshutdown$$00000007      0x08000234   Section        0  libshutdown2.o(.ARM.Collect$$libshutdown$$00000007)
    .ARM.Collect$$libshutdown$$0000000A      0x08000234   Section        0  libshutdown2.o(.ARM.Collect$$libshutdown$$0000000A)
    .ARM.Collect$$libshutdown$$0000000C      0x08000234   Section        0  libshutdown2.o(.ARM.Collect$$libshutdown$$0000000C)
    .ARM.Collect$$libshutdown$$0000000F      0x08000234   Section        0  libshutdown2.o(.ARM.Collect$$libshutdown$$0000000F)
    .ARM.Collect$$libshutdown$$00000010      0x08000234   Section        2  libshutdown2.o(.ARM.Collect$$libshutdown$$00000010)
    .ARM.Collect$$rtentry$$00000000          0x08000236   Section        0  __rtentry.o(.ARM.Collect$$rtentry$$00000000)
    .ARM.Collect$$rtentry$$00000002          0x08000236   Section        0  __rtentry2.o(.ARM.Collect$$rtentry$$00000002)
    .ARM.Collect$$rtentry$$00000004          0x08000236   Section        6  __rtentry4.o(.ARM.Collect$$rtentry$$00000004)
    .ARM.Collect$$rtentry$$00000009          0x0800023c   Section        0  __rtentry2.o(.ARM.Collect$$rtentry$$00000009)
    .ARM.Collect$$rtentry$$0000000A          0x0800023c   Section        4  __rtentry2.o(.ARM.Collect$$rtentry$$0000000A)
    .ARM.Collect$$rtentry$$0000000C          0x08000240   Section        0  __rtentry2.o(.ARM.Collect$$rtentry$$0000000C)
    .ARM.Collect$$rtentry$$0000000D          0x08000240   Section        8  __rtentry2.o(.ARM.Collect$$rtentry$$0000000D)
    .ARM.Collect$$rtexit$$00000000           0x08000248   Section        2  rtexit.o(.ARM.Collect$$rtexit$$00000000)
    .ARM.Collect$$rtexit$$00000002           0x0800024a   Section        0  rtexit2.o(.ARM.Collect$$rtexit$$00000002)
    .ARM.Collect$$rtexit$$00000003           0x0800024a   Section        4  rtexit2.o(.ARM.Collect$$rtexit$$00000003)
    .ARM.Collect$$rtexit$$00000004           0x0800024e   Section        6  rtexit2.o(.ARM.Collect$$rtexit$$00000004)
    .text                                    0x08000254   Section       64  startup_stm32f429_439xx.o(.text)
    $v0                                      0x08000254   Number         0  startup_stm32f429_439xx.o(.text)
    .text                                    0x08000294   Section        0  noretval__2sprintf.o(.text)
    .text                                    0x080002bc   Section        0  __printf.o(.text)
    .text                                    0x08000324   Section        0  _printf_dec.o(.text)
    .text                                    0x0800039c   Section        0  strlen.o(.text)
    .text                                    0x080003da   Section        0  heapauxi.o(.text)
    .text                                    0x080003e0   Section        0  _printf_intcommon.o(.text)
    .text                                    0x08000494   Section        0  _printf_char_common.o(.text)
    _printf_input_char                       0x08000495   Thumb Code    10  _printf_char_common.o(.text)
    .text                                    0x080004c4   Section        0  _sputc.o(.text)
    .text                                    0x080004d0   Section        8  libspace.o(.text)
    .text                                    0x080004d8   Section        2  use_no_semi.o(.text)
    .text                                    0x080004da   Section       74  sys_stackheap_outer.o(.text)
    .text                                    0x080004da   Section        0  indicate_semi.o(.text)
    .text                                    0x08000524   Section        0  exit.o(.text)
    .text                                    0x08000538   Section        0  sys_exit.o(.text)
    i.B_GPIO_Init                            0x08000544   Section        0  b_stm32f4_gpio.o(i.B_GPIO_Init)
    i.B_USART_DMA_Init                       0x0800057c   Section        0  b_stm32f4_dma.o(i.B_USART_DMA_Init)
    i.B_USART_DMA_Send                       0x080005c8   Section        0  b_stm32f4_dma.o(i.B_USART_DMA_Send)
    i.BusFault_Handler                       0x08000620   Section        0  stm32f4xx_it.o(i.BusFault_Handler)
    i.Clock_HSE                              0x08000624   Section        0  b_stm32f4_gpio.o(i.Clock_HSE)
    i.DMA_Cmd                                0x0800068c   Section        0  stm32f4xx_dma.o(i.DMA_Cmd)
    i.DMA_Init                               0x080006a4   Section        0  stm32f4xx_dma.o(i.DMA_Init)
    i.DMA_StructInit                         0x080006fc   Section        0  stm32f4xx_dma.o(i.DMA_StructInit)
    i.DebugMon_Handler                       0x0800071e   Section        0  stm32f4xx_it.o(i.DebugMon_Handler)
    i.FLASH_SetLatency                       0x08000720   Section        0  stm32f4xx_flash.o(i.FLASH_SetLatency)
    i.GPIO_Init                              0x0800072c   Section        0  stm32f4xx_gpio.o(i.GPIO_Init)
    i.GPIO_PinAFConfig                       0x080007bc   Section        0  stm32f4xx_gpio.o(i.GPIO_PinAFConfig)
    i.GPIO_ResetBits                         0x08000802   Section        0  stm32f4xx_gpio.o(i.GPIO_ResetBits)
    i.GPIO_SetBits                           0x08000806   Section        0  stm32f4xx_gpio.o(i.GPIO_SetBits)
    i.GPIO_ToggleBits                        0x0800080a   Section        0  stm32f4xx_gpio.o(i.GPIO_ToggleBits)
    i.HardFault_Handler                      0x08000812   Section        0  stm32f4xx_it.o(i.HardFault_Handler)
    i.MemManage_Handler                      0x08000816   Section        0  stm32f4xx_it.o(i.MemManage_Handler)
    i.NMI_Handler                            0x0800081a   Section        0  stm32f4xx_it.o(i.NMI_Handler)
    i.NVIC_Init                              0x0800081c   Section        0  misc.o(i.NVIC_Init)
    i.NVIC_PriorityGroupConfig               0x08000894   Section        0  misc.o(i.NVIC_PriorityGroupConfig)
    i.PendSV_Handler                         0x080008a8   Section        0  stm32f4xx_it.o(i.PendSV_Handler)
    i.RCC_AHB1PeriphClockCmd                 0x080008ac   Section        0  stm32f4xx_rcc.o(i.RCC_AHB1PeriphClockCmd)
    i.RCC_APB1PeriphClockCmd                 0x080008cc   Section        0  stm32f4xx_rcc.o(i.RCC_APB1PeriphClockCmd)
    i.RCC_APB2PeriphClockCmd                 0x080008ec   Section        0  stm32f4xx_rcc.o(i.RCC_APB2PeriphClockCmd)
    i.RCC_DeInit                             0x0800090c   Section        0  stm32f4xx_rcc.o(i.RCC_DeInit)
    i.RCC_GetClocksFreq                      0x08000970   Section        0  stm32f4xx_rcc.o(i.RCC_GetClocksFreq)
    i.RCC_GetFlagStatus                      0x08000a58   Section        0  stm32f4xx_rcc.o(i.RCC_GetFlagStatus)
    i.RCC_HCLKConfig                         0x08000a98   Section        0  stm32f4xx_rcc.o(i.RCC_HCLKConfig)
    i.RCC_HSEConfig                          0x08000ab0   Section        0  stm32f4xx_rcc.o(i.RCC_HSEConfig)
    i.RCC_PCLK1Config                        0x08000ac0   Section        0  stm32f4xx_rcc.o(i.RCC_PCLK1Config)
    i.RCC_PCLK2Config                        0x08000ad8   Section        0  stm32f4xx_rcc.o(i.RCC_PCLK2Config)
    i.RCC_PLLCmd                             0x08000af0   Section        0  stm32f4xx_rcc.o(i.RCC_PLLCmd)
    i.RCC_PLLConfig                          0x08000afc   Section        0  stm32f4xx_rcc.o(i.RCC_PLLConfig)
    i.RCC_SYSCLKConfig                       0x08000b20   Section        0  stm32f4xx_rcc.o(i.RCC_SYSCLKConfig)
    i.RCC_WaitForHSEStartUp                  0x08000b38   Section        0  stm32f4xx_rcc.o(i.RCC_WaitForHSEStartUp)
    i.SVC_Handler                            0x08000b70   Section        0  stm32f4xx_it.o(i.SVC_Handler)
    i.SetSysClock                            0x08000b74   Section        0  system_stm32f4xx.o(i.SetSysClock)
    SetSysClock                              0x08000b75   Thumb Code   272  system_stm32f4xx.o(i.SetSysClock)
    i.SysTick_Handler                        0x08000c94   Section        0  stm32f4xx_it.o(i.SysTick_Handler)
    i.SystemCoreClockUpdate                  0x08000c98   Section        0  system_stm32f4xx.o(i.SystemCoreClockUpdate)
    i.SystemInit                             0x08000d58   Section        0  system_stm32f4xx.o(i.SystemInit)
    i.TI1_Config                             0x08000dc0   Section        0  stm32f4xx_tim.o(i.TI1_Config)
    TI1_Config                               0x08000dc1   Thumb Code    58  stm32f4xx_tim.o(i.TI1_Config)
    i.TI2_Config                             0x08000dfa   Section        0  stm32f4xx_tim.o(i.TI2_Config)
    TI2_Config                               0x08000dfb   Thumb Code    80  stm32f4xx_tim.o(i.TI2_Config)
    i.TI3_Config                             0x08000e4a   Section        0  stm32f4xx_tim.o(i.TI3_Config)
    TI3_Config                               0x08000e4b   Thumb Code    72  stm32f4xx_tim.o(i.TI3_Config)
    i.TI4_Config                             0x08000e92   Section        0  stm32f4xx_tim.o(i.TI4_Config)
    TI4_Config                               0x08000e93   Thumb Code    80  stm32f4xx_tim.o(i.TI4_Config)
    i.TIM1_INIT                              0x08000ee4   Section        0  b_stm32f4_tim.o(i.TIM1_INIT)
    i.TIM2_IRQHandler                        0x08000f5c   Section        0  stm32f4xx_it.o(i.TIM2_IRQHandler)
    i.TIM2_TIME                              0x08000f80   Section        0  b_stm32f4_tim.o(i.TIM2_TIME)
    i.TIM3_IRQHandler                        0x08000fe4   Section        0  stm32f4xx_it.o(i.TIM3_IRQHandler)
    i.TIM_ClearFlag                          0x0800102c   Section        0  stm32f4xx_tim.o(i.TIM_ClearFlag)
    i.TIM_Cmd                                0x08001032   Section        0  stm32f4xx_tim.o(i.TIM_Cmd)
    i.TIM_CtrlPWMOutputs                     0x0800104a   Section        0  stm32f4xx_tim.o(i.TIM_CtrlPWMOutputs)
    i.TIM_EncoderInterfaceConfig             0x08001068   Section        0  stm32f4xx_tim.o(i.TIM_EncoderInterfaceConfig)
    i.TIM_GetFlagStatus                      0x080010aa   Section        0  stm32f4xx_tim.o(i.TIM_GetFlagStatus)
    i.TIM_ICInit                             0x080010bc   Section        0  stm32f4xx_tim.o(i.TIM_ICInit)
    i.TIM_ITConfig                           0x0800112a   Section        0  stm32f4xx_tim.o(i.TIM_ITConfig)
    i.TIM_SetCounter                         0x0800113c   Section        0  stm32f4xx_tim.o(i.TIM_SetCounter)
    i.TIM_SetIC1Prescaler                    0x08001140   Section        0  stm32f4xx_tim.o(i.TIM_SetIC1Prescaler)
    i.TIM_SetIC2Prescaler                    0x08001152   Section        0  stm32f4xx_tim.o(i.TIM_SetIC2Prescaler)
    i.TIM_SetIC3Prescaler                    0x0800116c   Section        0  stm32f4xx_tim.o(i.TIM_SetIC3Prescaler)
    i.TIM_SetIC4Prescaler                    0x0800117e   Section        0  stm32f4xx_tim.o(i.TIM_SetIC4Prescaler)
    i.TIM_TimeBaseInit                       0x08001198   Section        0  stm32f4xx_tim.o(i.TIM_TimeBaseInit)
    i.TM_DMA_ClearFlag                       0x0800121c   Section        0  b_stm32f4_dma.o(i.TM_DMA_ClearFlag)
    i.TM_DMA_ClearFlags                      0x0800124c   Section        0  b_stm32f4_dma.o(i.TM_DMA_ClearFlags)
    i.USART1_Init                            0x0800125c   Section        0  b_stm32f4_usart.o(i.USART1_Init)
    i.USART_ClearFlag                        0x080012c0   Section        0  stm32f4xx_usart.o(i.USART_ClearFlag)
    i.USART_Cmd                              0x080012d2   Section        0  stm32f4xx_usart.o(i.USART_Cmd)
    i.USART_Config                           0x080012ea   Section        0  b_stm32f4_usart.o(i.USART_Config)
    USART_Config                             0x080012eb   Thumb Code    44  b_stm32f4_usart.o(i.USART_Config)
    i.USART_DMACmd                           0x08001316   Section        0  stm32f4xx_usart.o(i.USART_DMACmd)
    i.USART_ITConfig                         0x08001328   Section        0  stm32f4xx_usart.o(i.USART_ITConfig)
    i.USART_Init                             0x08001374   Section        0  stm32f4xx_usart.o(i.USART_Init)
    i.USARTx_GPIO                            0x08001448   Section        0  b_stm32f4_usart.o(i.USARTx_GPIO)
    USARTx_GPIO                              0x08001449   Thumb Code    46  b_stm32f4_usart.o(i.USARTx_GPIO)
    i.USARTx_NVIC                            0x08001476   Section        0  b_stm32f4_usart.o(i.USARTx_NVIC)
    USARTx_NVIC                              0x08001477   Thumb Code    44  b_stm32f4_usart.o(i.USARTx_NVIC)
    i.UsageFault_Handler                     0x080014a2   Section        0  stm32f4xx_it.o(i.UsageFault_Handler)
    i.encoder1                               0x080014a8   Section        0  b_stm32f4_tim.o(i.encoder1)
    i.encoder2                               0x08001564   Section        0  b_stm32f4_tim.o(i.encoder2)
    i.main                                   0x080015ec   Section        0  main.o(i.main)
    i.max                                    0x08001634   Section        0  stm32f4xx_it.o(i.max)
    i.min                                    0x08001642   Section        0  stm32f4xx_it.o(i.min)
    i.quay                                   0x08001650   Section        0  stm32f4xx_it.o(i.quay)
    x$fpl$fpinit                             0x0800175c   Section       10  fpinit.o(x$fpl$fpinit)
    $v0                                      0x0800175c   Number         0  fpinit.o(x$fpl$fpinit)
    .constdata                               0x08001766   Section        4  b_stm32f4_dma.o(.constdata)
    DMA_Flags_Bit_Pos                        0x08001766   Data           4  b_stm32f4_dma.o(.constdata)
    .data                                    0x20000000   Section       20  system_stm32f4xx.o(.data)
    .data                                    0x20000014   Section       16  stm32f4xx_rcc.o(.data)
    APBAHBPrescTable                         0x20000014   Data          16  stm32f4xx_rcc.o(.data)
    .data                                    0x20000024   Section      168  main.o(.data)
    .data                                    0x200000cc   Section        8  b_stm32f4_tim.o(.data)
    .data                                    0x200000d4   Section       12  stm32f4xx_it.o(.data)
    .bss                                     0x200000e0   Section       42  b_stm32f4_tim.o(.bss)
    .bss                                     0x2000010a   Section       80  stm32f4xx_it.o(.bss)
    .bss                                     0x2000015c   Section       60  b_stm32f4_dma.o(.bss)
    DMA_InitStruct                           0x2000015c   Data          60  b_stm32f4_dma.o(.bss)
    .bss                                     0x20000198   Section       96  libspace.o(.bss)
    HEAP                                     0x200001f8   Section      512  startup_stm32f429_439xx.o(HEAP)
    Heap_Mem                                 0x200001f8   Data         512  startup_stm32f429_439xx.o(HEAP)
    STACK                                    0x200003f8   Section     1024  startup_stm32f429_439xx.o(STACK)
    Stack_Mem                                0x200003f8   Data        1024  startup_stm32f429_439xx.o(STACK)
    __initial_sp                             0x200007f8   Data           0  startup_stm32f429_439xx.o(STACK)

    Global Symbols

    Symbol Name                              Value     Ov Type        Size  Object(Section)

    BuildAttributes$$THM_ISAv4$E$P$D$K$B$S$7EM$VFPi3$EXTD16$VFPS$VFMA$PE$A:L22UL41UL21$X:L11$S22US41US21$IEEE1$IW$USESV6$~STKCKD$USESV7$~SHL$OTIME$ROPI$EBA8$UX$STANDARDLIB$REQ8$PRES8$EABIv2 0x00000000   Number         0  anon$$obj.o ABSOLUTE
    __ARM_use_no_argv                        0x00000000   Number         0  main.o ABSOLUTE
    TM_DELAY_1msHandler                       - Undefined Weak Reference
    __ARM_exceptions_init                     - Undefined Weak Reference
    __alloca_initialize                       - Undefined Weak Reference
    __arm_preinit_                            - Undefined Weak Reference
    __cpp_initialize__aeabi_                  - Undefined Weak Reference
    __cxa_finalize                            - Undefined Weak Reference
    __rt_locale                               - Undefined Weak Reference
    __sigvec_lookup                           - Undefined Weak Reference
    __user_heap_extent                        - Undefined Weak Reference
    _atexit_init                              - Undefined Weak Reference
    _call_atexit_fns                          - Undefined Weak Reference
    _clock_init                               - Undefined Weak Reference
    _fp_trap_init                             - Undefined Weak Reference
    _fp_trap_shutdown                         - Undefined Weak Reference
    _get_lc_collate                           - Undefined Weak Reference
    _get_lc_ctype                             - Undefined Weak Reference
    _get_lc_monetary                          - Undefined Weak Reference
    _get_lc_numeric                           - Undefined Weak Reference
    _get_lc_time                              - Undefined Weak Reference
    _getenv_init                              - Undefined Weak Reference
    _handle_redirection                       - Undefined Weak Reference
    _initio                                   - Undefined Weak Reference
    _mutex_acquire                            - Undefined Weak Reference
    _mutex_free                               - Undefined Weak Reference
    _mutex_release                            - Undefined Weak Reference
    _printf_post_padding                      - Undefined Weak Reference
    _printf_pre_padding                       - Undefined Weak Reference
    _printf_truncate_signed                   - Undefined Weak Reference
    _printf_truncate_unsigned                 - Undefined Weak Reference
    _rand_init                                - Undefined Weak Reference
    _signal_finish                            - Undefined Weak Reference
    _signal_init                              - Undefined Weak Reference
    _terminateio                              - Undefined Weak Reference
    __Vectors_Size                           0x000001ac   Number         0  startup_stm32f429_439xx.o ABSOLUTE
    __Vectors                                0x08000000   Data           4  startup_stm32f429_439xx.o(RESET)
    __Vectors_End                            0x080001ac   Data           0  startup_stm32f429_439xx.o(RESET)
    __main                                   0x080001ad   Thumb Code     8  __main.o(!!!main)
    __scatterload                            0x080001b5   Thumb Code     0  __scatter.o(!!!scatter)
    __scatterload_rt2                        0x080001b5   Thumb Code    44  __scatter.o(!!!scatter)
    __scatterload_rt2_thumb_only             0x080001b5   Thumb Code     0  __scatter.o(!!!scatter)
    __scatterload_null                       0x080001c3   Thumb Code     0  __scatter.o(!!!scatter)
    __scatterload_copy                       0x080001e9   Thumb Code    26  __scatter_copy.o(!!handler_copy)
    __scatterload_zeroinit                   0x08000205   Thumb Code    28  __scatter_zi.o(!!handler_zi)
    _printf_d                                0x08000221   Thumb Code     0  _printf_d.o(.ARM.Collect$$_printf_percent$$00000009)
    _printf_percent                          0x08000221   Thumb Code     0  _printf_percent.o(.ARM.Collect$$_printf_percent$$00000000)
    _printf_percent_end                      0x08000227   Thumb Code     0  _printf_percent_end.o(.ARM.Collect$$_printf_percent$$00000017)
    __rt_lib_init                            0x0800022b   Thumb Code     0  libinit.o(.ARM.Collect$$libinit$$00000000)
    __rt_lib_init_fp_1                       0x0800022d   Thumb Code     0  libinit2.o(.ARM.Collect$$libinit$$00000001)
    __rt_lib_init_alloca_1                   0x08000231   Thumb Code     0  libinit2.o(.ARM.Collect$$libinit$$0000002E)
    __rt_lib_init_argv_1                     0x08000231   Thumb Code     0  libinit2.o(.ARM.Collect$$libinit$$0000002C)
    __rt_lib_init_atexit_1                   0x08000231   Thumb Code     0  libinit2.o(.ARM.Collect$$libinit$$0000001B)
    __rt_lib_init_clock_1                    0x08000231   Thumb Code     0  libinit2.o(.ARM.Collect$$libinit$$00000021)
    __rt_lib_init_cpp_1                      0x08000231   Thumb Code     0  libinit2.o(.ARM.Collect$$libinit$$00000032)
    __rt_lib_init_exceptions_1               0x08000231   Thumb Code     0  libinit2.o(.ARM.Collect$$libinit$$00000030)
    __rt_lib_init_fp_trap_1                  0x08000231   Thumb Code     0  libinit2.o(.ARM.Collect$$libinit$$0000001F)
    __rt_lib_init_getenv_1                   0x08000231   Thumb Code     0  libinit2.o(.ARM.Collect$$libinit$$00000023)
    __rt_lib_init_heap_1                     0x08000231   Thumb Code     0  libinit2.o(.ARM.Collect$$libinit$$0000000A)
    __rt_lib_init_lc_collate_1               0x08000231   Thumb Code     0  libinit2.o(.ARM.Collect$$libinit$$00000011)
    __rt_lib_init_lc_ctype_1                 0x08000231   Thumb Code     0  libinit2.o(.ARM.Collect$$libinit$$00000013)
    __rt_lib_init_lc_monetary_1              0x08000231   Thumb Code     0  libinit2.o(.ARM.Collect$$libinit$$00000015)
    __rt_lib_init_lc_numeric_1               0x08000231   Thumb Code     0  libinit2.o(.ARM.Collect$$libinit$$00000017)
    __rt_lib_init_lc_time_1                  0x08000231   Thumb Code     0  libinit2.o(.ARM.Collect$$libinit$$00000019)
    __rt_lib_init_preinit_1                  0x08000231   Thumb Code     0  libinit2.o(.ARM.Collect$$libinit$$00000004)
    __rt_lib_init_rand_1                     0x08000231   Thumb Code     0  libinit2.o(.ARM.Collect$$libinit$$0000000E)
    __rt_lib_init_return                     0x08000231   Thumb Code     0  libinit2.o(.ARM.Collect$$libinit$$00000033)
    __rt_lib_init_signal_1                   0x08000231   Thumb Code     0  libinit2.o(.ARM.Collect$$libinit$$0000001D)
    __rt_lib_init_stdio_1                    0x08000231   Thumb Code     0  libinit2.o(.ARM.Collect$$libinit$$00000025)
    __rt_lib_init_user_alloc_1               0x08000231   Thumb Code     0  libinit2.o(.ARM.Collect$$libinit$$0000000C)
    __rt_lib_shutdown                        0x08000233   Thumb Code     0  libshutdown.o(.ARM.Collect$$libshutdown$$00000000)
    __rt_lib_shutdown_cpp_1                  0x08000235   Thumb Code     0  libshutdown2.o(.ARM.Collect$$libshutdown$$00000002)
    __rt_lib_shutdown_fp_trap_1              0x08000235   Thumb Code     0  libshutdown2.o(.ARM.Collect$$libshutdown$$00000007)
    __rt_lib_shutdown_heap_1                 0x08000235   Thumb Code     0  libshutdown2.o(.ARM.Collect$$libshutdown$$0000000F)
    __rt_lib_shutdown_return                 0x08000235   Thumb Code     0  libshutdown2.o(.ARM.Collect$$libshutdown$$00000010)
    __rt_lib_shutdown_signal_1               0x08000235   Thumb Code     0  libshutdown2.o(.ARM.Collect$$libshutdown$$0000000A)
    __rt_lib_shutdown_stdio_1                0x08000235   Thumb Code     0  libshutdown2.o(.ARM.Collect$$libshutdown$$00000004)
    __rt_lib_shutdown_user_alloc_1           0x08000235   Thumb Code     0  libshutdown2.o(.ARM.Collect$$libshutdown$$0000000C)
    __rt_entry                               0x08000237   Thumb Code     0  __rtentry.o(.ARM.Collect$$rtentry$$00000000)
    __rt_entry_presh_1                       0x08000237   Thumb Code     0  __rtentry2.o(.ARM.Collect$$rtentry$$00000002)
    __rt_entry_sh                            0x08000237   Thumb Code     0  __rtentry4.o(.ARM.Collect$$rtentry$$00000004)
    __rt_entry_li                            0x0800023d   Thumb Code     0  __rtentry2.o(.ARM.Collect$$rtentry$$0000000A)
    __rt_entry_postsh_1                      0x0800023d   Thumb Code     0  __rtentry2.o(.ARM.Collect$$rtentry$$00000009)
    __rt_entry_main                          0x08000241   Thumb Code     0  __rtentry2.o(.ARM.Collect$$rtentry$$0000000D)
    __rt_entry_postli_1                      0x08000241   Thumb Code     0  __rtentry2.o(.ARM.Collect$$rtentry$$0000000C)
    __rt_exit                                0x08000249   Thumb Code     0  rtexit.o(.ARM.Collect$$rtexit$$00000000)
    __rt_exit_ls                             0x0800024b   Thumb Code     0  rtexit2.o(.ARM.Collect$$rtexit$$00000003)
    __rt_exit_prels_1                        0x0800024b   Thumb Code     0  rtexit2.o(.ARM.Collect$$rtexit$$00000002)
    __rt_exit_exit                           0x0800024f   Thumb Code     0  rtexit2.o(.ARM.Collect$$rtexit$$00000004)
    Reset_Handler                            0x08000255   Thumb Code     8  startup_stm32f429_439xx.o(.text)
    ADC_IRQHandler                           0x0800026f   Thumb Code     0  startup_stm32f429_439xx.o(.text)
    CAN1_RX0_IRQHandler                      0x0800026f   Thumb Code     0  startup_stm32f429_439xx.o(.text)
    CAN1_RX1_IRQHandler                      0x0800026f   Thumb Code     0  startup_stm32f429_439xx.o(.text)
    CAN1_SCE_IRQHandler                      0x0800026f   Thumb Code     0  startup_stm32f429_439xx.o(.text)
    CAN1_TX_IRQHandler                       0x0800026f   Thumb Code     0  startup_stm32f429_439xx.o(.text)
    CAN2_RX0_IRQHandler                      0x0800026f   Thumb Code     0  startup_stm32f429_439xx.o(.text)
    CAN2_RX1_IRQHandler                      0x0800026f   Thumb Code     0  startup_stm32f429_439xx.o(.text)
    CAN2_SCE_IRQHandler                      0x0800026f   Thumb Code     0  startup_stm32f429_439xx.o(.text)
    CAN2_TX_IRQHandler                       0x0800026f   Thumb Code     0  startup_stm32f429_439xx.o(.text)
    CRYP_IRQHandler                          0x0800026f   Thumb Code     0  startup_stm32f429_439xx.o(.text)
    DCMI_IRQHandler                          0x0800026f   Thumb Code     0  startup_stm32f429_439xx.o(.text)
    DMA1_Stream0_IRQHandler                  0x0800026f   Thumb Code     0  startup_stm32f429_439xx.o(.text)
    DMA1_Stream1_IRQHandler                  0x0800026f   Thumb Code     0  startup_stm32f429_439xx.o(.text)
    DMA1_Stream2_IRQHandler                  0x0800026f   Thumb Code     0  startup_stm32f429_439xx.o(.text)
    DMA1_Stream3_IRQHandler                  0x0800026f   Thumb Code     0  startup_stm32f429_439xx.o(.text)
    DMA1_Stream4_IRQHandler                  0x0800026f   Thumb Code     0  startup_stm32f429_439xx.o(.text)
    DMA1_Stream5_IRQHandler                  0x0800026f   Thumb Code     0  startup_stm32f429_439xx.o(.text)
    DMA1_Stream6_IRQHandler                  0x0800026f   Thumb Code     0  startup_stm32f429_439xx.o(.text)
    DMA1_Stream7_IRQHandler                  0x0800026f   Thumb Code     0  startup_stm32f429_439xx.o(.text)
    DMA2D_IRQHandler                         0x0800026f   Thumb Code     0  startup_stm32f429_439xx.o(.text)
    DMA2_Stream0_IRQHandler                  0x0800026f   Thumb Code     0  startup_stm32f429_439xx.o(.text)
    DMA2_Stream1_IRQHandler                  0x0800026f   Thumb Code     0  startup_stm32f429_439xx.o(.text)
    DMA2_Stream2_IRQHandler                  0x0800026f   Thumb Code     0  startup_stm32f429_439xx.o(.text)
    DMA2_Stream3_IRQHandler                  0x0800026f   Thumb Code     0  startup_stm32f429_439xx.o(.text)
    DMA2_Stream4_IRQHandler                  0x0800026f   Thumb Code     0  startup_stm32f429_439xx.o(.text)
    DMA2_Stream5_IRQHandler                  0x0800026f   Thumb Code     0  startup_stm32f429_439xx.o(.text)
    DMA2_Stream6_IRQHandler                  0x0800026f   Thumb Code     0  startup_stm32f429_439xx.o(.text)
    DMA2_Stream7_IRQHandler                  0x0800026f   Thumb Code     0  startup_stm32f429_439xx.o(.text)
    ETH_IRQHandler                           0x0800026f   Thumb Code     0  startup_stm32f429_439xx.o(.text)
    ETH_WKUP_IRQHandler                      0x0800026f   Thumb Code     0  startup_stm32f429_439xx.o(.text)
    EXTI0_IRQHandler                         0x0800026f   Thumb Code     0  startup_stm32f429_439xx.o(.text)
    EXTI15_10_IRQHandler                     0x0800026f   Thumb Code     0  startup_stm32f429_439xx.o(.text)
    EXTI1_IRQHandler                         0x0800026f   Thumb Code     0  startup_stm32f429_439xx.o(.text)
    EXTI2_IRQHandler                         0x0800026f   Thumb Code     0  startup_stm32f429_439xx.o(.text)
    EXTI3_IRQHandler                         0x0800026f   Thumb Code     0  startup_stm32f429_439xx.o(.text)
    EXTI4_IRQHandler                         0x0800026f   Thumb Code     0  startup_stm32f429_439xx.o(.text)
    EXTI9_5_IRQHandler                       0x0800026f   Thumb Code     0  startup_stm32f429_439xx.o(.text)
    FLASH_IRQHandler                         0x0800026f   Thumb Code     0  startup_stm32f429_439xx.o(.text)
    FMC_IRQHandler                           0x0800026f   Thumb Code     0  startup_stm32f429_439xx.o(.text)
    FPU_IRQHandler                           0x0800026f   Thumb Code     0  startup_stm32f429_439xx.o(.text)
    HASH_RNG_IRQHandler                      0x0800026f   Thumb Code     0  startup_stm32f429_439xx.o(.text)
    I2C1_ER_IRQHandler                       0x0800026f   Thumb Code     0  startup_stm32f429_439xx.o(.text)
    I2C1_EV_IRQHandler                       0x0800026f   Thumb Code     0  startup_stm32f429_439xx.o(.text)
    I2C2_ER_IRQHandler                       0x0800026f   Thumb Code     0  startup_stm32f429_439xx.o(.text)
    I2C2_EV_IRQHandler                       0x0800026f   Thumb Code     0  startup_stm32f429_439xx.o(.text)
    I2C3_ER_IRQHandler                       0x0800026f   Thumb Code     0  startup_stm32f429_439xx.o(.text)
    I2C3_EV_IRQHandler                       0x0800026f   Thumb Code     0  startup_stm32f429_439xx.o(.text)
    LTDC_ER_IRQHandler                       0x0800026f   Thumb Code     0  startup_stm32f429_439xx.o(.text)
    LTDC_IRQHandler                          0x0800026f   Thumb Code     0  startup_stm32f429_439xx.o(.text)
    OTG_FS_IRQHandler                        0x0800026f   Thumb Code     0  startup_stm32f429_439xx.o(.text)
    OTG_FS_WKUP_IRQHandler                   0x0800026f   Thumb Code     0  startup_stm32f429_439xx.o(.text)
    OTG_HS_EP1_IN_IRQHandler                 0x0800026f   Thumb Code     0  startup_stm32f429_439xx.o(.text)
    OTG_HS_EP1_OUT_IRQHandler                0x0800026f   Thumb Code     0  startup_stm32f429_439xx.o(.text)
    OTG_HS_IRQHandler                        0x0800026f   Thumb Code     0  startup_stm32f429_439xx.o(.text)
    OTG_HS_WKUP_IRQHandler                   0x0800026f   Thumb Code     0  startup_stm32f429_439xx.o(.text)
    PVD_IRQHandler                           0x0800026f   Thumb Code     0  startup_stm32f429_439xx.o(.text)
    RCC_IRQHandler                           0x0800026f   Thumb Code     0  startup_stm32f429_439xx.o(.text)
    RTC_Alarm_IRQHandler                     0x0800026f   Thumb Code     0  startup_stm32f429_439xx.o(.text)
    RTC_WKUP_IRQHandler                      0x0800026f   Thumb Code     0  startup_stm32f429_439xx.o(.text)
    SAI1_IRQHandler                          0x0800026f   Thumb Code     0  startup_stm32f429_439xx.o(.text)
    SDIO_IRQHandler                          0x0800026f   Thumb Code     0  startup_stm32f429_439xx.o(.text)
    SPI1_IRQHandler                          0x0800026f   Thumb Code     0  startup_stm32f429_439xx.o(.text)
    SPI2_IRQHandler                          0x0800026f   Thumb Code     0  startup_stm32f429_439xx.o(.text)
    SPI3_IRQHandler                          0x0800026f   Thumb Code     0  startup_stm32f429_439xx.o(.text)
    SPI4_IRQHandler                          0x0800026f   Thumb Code     0  startup_stm32f429_439xx.o(.text)
    SPI5_IRQHandler                          0x0800026f   Thumb Code     0  startup_stm32f429_439xx.o(.text)
    SPI6_IRQHandler                          0x0800026f   Thumb Code     0  startup_stm32f429_439xx.o(.text)
    TAMP_STAMP_IRQHandler                    0x0800026f   Thumb Code     0  startup_stm32f429_439xx.o(.text)
    TIM1_BRK_TIM9_IRQHandler                 0x0800026f   Thumb Code     0  startup_stm32f429_439xx.o(.text)
    TIM1_CC_IRQHandler                       0x0800026f   Thumb Code     0  startup_stm32f429_439xx.o(.text)
    TIM1_TRG_COM_TIM11_IRQHandler            0x0800026f   Thumb Code     0  startup_stm32f429_439xx.o(.text)
    TIM1_UP_TIM10_IRQHandler                 0x0800026f   Thumb Code     0  startup_stm32f429_439xx.o(.text)
    TIM4_IRQHandler                          0x0800026f   Thumb Code     0  startup_stm32f429_439xx.o(.text)
    TIM5_IRQHandler                          0x0800026f   Thumb Code     0  startup_stm32f429_439xx.o(.text)
    TIM6_DAC_IRQHandler                      0x0800026f   Thumb Code     0  startup_stm32f429_439xx.o(.text)
    TIM7_IRQHandler                          0x0800026f   Thumb Code     0  startup_stm32f429_439xx.o(.text)
    TIM8_BRK_TIM12_IRQHandler                0x0800026f   Thumb Code     0  startup_stm32f429_439xx.o(.text)
    TIM8_CC_IRQHandler                       0x0800026f   Thumb Code     0  startup_stm32f429_439xx.o(.text)
    TIM8_TRG_COM_TIM14_IRQHandler            0x0800026f   Thumb Code     0  startup_stm32f429_439xx.o(.text)
    TIM8_UP_TIM13_IRQHandler                 0x0800026f   Thumb Code     0  startup_stm32f429_439xx.o(.text)
    UART4_IRQHandler                         0x0800026f   Thumb Code     0  startup_stm32f429_439xx.o(.text)
    UART5_IRQHandler                         0x0800026f   Thumb Code     0  startup_stm32f429_439xx.o(.text)
    UART7_IRQHandler                         0x0800026f   Thumb Code     0  startup_stm32f429_439xx.o(.text)
    UART8_IRQHandler                         0x0800026f   Thumb Code     0  startup_stm32f429_439xx.o(.text)
    USART1_IRQHandler                        0x0800026f   Thumb Code     0  startup_stm32f429_439xx.o(.text)
    USART2_IRQHandler                        0x0800026f   Thumb Code     0  startup_stm32f429_439xx.o(.text)
    USART3_IRQHandler                        0x0800026f   Thumb Code     0  startup_stm32f429_439xx.o(.text)
    USART6_IRQHandler                        0x0800026f   Thumb Code     0  startup_stm32f429_439xx.o(.text)
    WWDG_IRQHandler                          0x0800026f   Thumb Code     0  startup_stm32f429_439xx.o(.text)
    __user_initial_stackheap                 0x08000271   Thumb Code     0  startup_stm32f429_439xx.o(.text)
    __2sprintf                               0x08000295   Thumb Code    34  noretval__2sprintf.o(.text)
    __printf                                 0x080002bd   Thumb Code   104  __printf.o(.text)
    _printf_int_dec                          0x08000325   Thumb Code   104  _printf_dec.o(.text)
    strlen                                   0x0800039d   Thumb Code    62  strlen.o(.text)
    __use_two_region_memory                  0x080003db   Thumb Code     2  heapauxi.o(.text)
    __rt_heap_escrow                         0x080003dd   Thumb Code     2  heapauxi.o(.text)
    __rt_heap_expand                         0x080003df   Thumb Code     2  heapauxi.o(.text)
    _printf_int_common                       0x080003e1   Thumb Code   178  _printf_intcommon.o(.text)
    _printf_char_common                      0x0800049f   Thumb Code    32  _printf_char_common.o(.text)
    _sputc                                   0x080004c5   Thumb Code    10  _sputc.o(.text)
    __user_libspace                          0x080004d1   Thumb Code     8  libspace.o(.text)
    __user_perproc_libspace                  0x080004d1   Thumb Code     0  libspace.o(.text)
    __user_perthread_libspace                0x080004d1   Thumb Code     0  libspace.o(.text)
    __I$use$semihosting                      0x080004d9   Thumb Code     0  use_no_semi.o(.text)
    __use_no_semihosting_swi                 0x080004d9   Thumb Code     2  use_no_semi.o(.text)
    __semihosting_library_function           0x080004db   Thumb Code     0  indicate_semi.o(.text)
    __user_setup_stackheap                   0x080004db   Thumb Code    74  sys_stackheap_outer.o(.text)
    exit                                     0x08000525   Thumb Code    18  exit.o(.text)
    _sys_exit                                0x08000539   Thumb Code     8  sys_exit.o(.text)
    B_GPIO_Init                              0x08000545   Thumb Code    56  b_stm32f4_gpio.o(i.B_GPIO_Init)
    B_USART_DMA_Init                         0x0800057d   Thumb Code    66  b_stm32f4_dma.o(i.B_USART_DMA_Init)
    B_USART_DMA_Send                         0x080005c9   Thumb Code    80  b_stm32f4_dma.o(i.B_USART_DMA_Send)
    BusFault_Handler                         0x08000621   Thumb Code     4  stm32f4xx_it.o(i.BusFault_Handler)
    Clock_HSE                                0x08000625   Thumb Code   104  b_stm32f4_gpio.o(i.Clock_HSE)
    DMA_Cmd                                  0x0800068d   Thumb Code    22  stm32f4xx_dma.o(i.DMA_Cmd)
    DMA_Init                                 0x080006a5   Thumb Code    82  stm32f4xx_dma.o(i.DMA_Init)
    DMA_StructInit                           0x080006fd   Thumb Code    34  stm32f4xx_dma.o(i.DMA_StructInit)
    DebugMon_Handler                         0x0800071f   Thumb Code     2  stm32f4xx_it.o(i.DebugMon_Handler)
    FLASH_SetLatency                         0x08000721   Thumb Code     6  stm32f4xx_flash.o(i.FLASH_SetLatency)
    GPIO_Init                                0x0800072d   Thumb Code   144  stm32f4xx_gpio.o(i.GPIO_Init)
    GPIO_PinAFConfig                         0x080007bd   Thumb Code    70  stm32f4xx_gpio.o(i.GPIO_PinAFConfig)
    GPIO_ResetBits                           0x08000803   Thumb Code     4  stm32f4xx_gpio.o(i.GPIO_ResetBits)
    GPIO_SetBits                             0x08000807   Thumb Code     4  stm32f4xx_gpio.o(i.GPIO_SetBits)
    GPIO_ToggleBits                          0x0800080b   Thumb Code     8  stm32f4xx_gpio.o(i.GPIO_ToggleBits)
    HardFault_Handler                        0x08000813   Thumb Code     4  stm32f4xx_it.o(i.HardFault_Handler)
    MemManage_Handler                        0x08000817   Thumb Code     4  stm32f4xx_it.o(i.MemManage_Handler)
    NMI_Handler                              0x0800081b   Thumb Code     2  stm32f4xx_it.o(i.NMI_Handler)
    NVIC_Init                                0x0800081d   Thumb Code   106  misc.o(i.NVIC_Init)
    NVIC_PriorityGroupConfig                 0x08000895   Thumb Code    10  misc.o(i.NVIC_PriorityGroupConfig)
    PendSV_Handler                           0x080008a9   Thumb Code     2  stm32f4xx_it.o(i.PendSV_Handler)
    RCC_AHB1PeriphClockCmd                   0x080008ad   Thumb Code    26  stm32f4xx_rcc.o(i.RCC_AHB1PeriphClockCmd)
    RCC_APB1PeriphClockCmd                   0x080008cd   Thumb Code    26  stm32f4xx_rcc.o(i.RCC_APB1PeriphClockCmd)
    RCC_APB2PeriphClockCmd                   0x080008ed   Thumb Code    26  stm32f4xx_rcc.o(i.RCC_APB2PeriphClockCmd)
    RCC_DeInit                               0x0800090d   Thumb Code    82  stm32f4xx_rcc.o(i.RCC_DeInit)
    RCC_GetClocksFreq                        0x08000971   Thumb Code   214  stm32f4xx_rcc.o(i.RCC_GetClocksFreq)
    RCC_GetFlagStatus                        0x08000a59   Thumb Code    60  stm32f4xx_rcc.o(i.RCC_GetFlagStatus)
    RCC_HCLKConfig                           0x08000a99   Thumb Code    18  stm32f4xx_rcc.o(i.RCC_HCLKConfig)
    RCC_HSEConfig                            0x08000ab1   Thumb Code    12  stm32f4xx_rcc.o(i.RCC_HSEConfig)
    RCC_PCLK1Config                          0x08000ac1   Thumb Code    18  stm32f4xx_rcc.o(i.RCC_PCLK1Config)
    RCC_PCLK2Config                          0x08000ad9   Thumb Code    20  stm32f4xx_rcc.o(i.RCC_PCLK2Config)
    RCC_PLLCmd                               0x08000af1   Thumb Code     6  stm32f4xx_rcc.o(i.RCC_PLLCmd)
    RCC_PLLConfig                            0x08000afd   Thumb Code    30  stm32f4xx_rcc.o(i.RCC_PLLConfig)
    RCC_SYSCLKConfig                         0x08000b21   Thumb Code    18  stm32f4xx_rcc.o(i.RCC_SYSCLKConfig)
    RCC_WaitForHSEStartUp                    0x08000b39   Thumb Code    56  stm32f4xx_rcc.o(i.RCC_WaitForHSEStartUp)
    SVC_Handler                              0x08000b71   Thumb Code     2  stm32f4xx_it.o(i.SVC_Handler)
    SysTick_Handler                          0x08000c95   Thumb Code     2  stm32f4xx_it.o(i.SysTick_Handler)
    SystemCoreClockUpdate                    0x08000c99   Thumb Code   170  system_stm32f4xx.o(i.SystemCoreClockUpdate)
    SystemInit                               0x08000d59   Thumb Code    88  system_stm32f4xx.o(i.SystemInit)
    TIM1_INIT                                0x08000ee5   Thumb Code   108  b_stm32f4_tim.o(i.TIM1_INIT)
    TIM2_IRQHandler                          0x08000f5d   Thumb Code    32  stm32f4xx_it.o(i.TIM2_IRQHandler)
    TIM2_TIME                                0x08000f81   Thumb Code    90  b_stm32f4_tim.o(i.TIM2_TIME)
    TIM3_IRQHandler                          0x08000fe5   Thumb Code    64  stm32f4xx_it.o(i.TIM3_IRQHandler)
    TIM_ClearFlag                            0x0800102d   Thumb Code     6  stm32f4xx_tim.o(i.TIM_ClearFlag)
    TIM_Cmd                                  0x08001033   Thumb Code    24  stm32f4xx_tim.o(i.TIM_Cmd)
    TIM_CtrlPWMOutputs                       0x0800104b   Thumb Code    30  stm32f4xx_tim.o(i.TIM_CtrlPWMOutputs)
    TIM_EncoderInterfaceConfig               0x08001069   Thumb Code    66  stm32f4xx_tim.o(i.TIM_EncoderInterfaceConfig)
    TIM_GetFlagStatus                        0x080010ab   Thumb Code    18  stm32f4xx_tim.o(i.TIM_GetFlagStatus)
    TIM_ICInit                               0x080010bd   Thumb Code   110  stm32f4xx_tim.o(i.TIM_ICInit)
    TIM_ITConfig                             0x0800112b   Thumb Code    18  stm32f4xx_tim.o(i.TIM_ITConfig)
    TIM_SetCounter                           0x0800113d   Thumb Code     4  stm32f4xx_tim.o(i.TIM_SetCounter)
    TIM_SetIC1Prescaler                      0x08001141   Thumb Code    18  stm32f4xx_tim.o(i.TIM_SetIC1Prescaler)
    TIM_SetIC2Prescaler                      0x08001153   Thumb Code    26  stm32f4xx_tim.o(i.TIM_SetIC2Prescaler)
    TIM_SetIC3Prescaler                      0x0800116d   Thumb Code    18  stm32f4xx_tim.o(i.TIM_SetIC3Prescaler)
    TIM_SetIC4Prescaler                      0x0800117f   Thumb Code    26  stm32f4xx_tim.o(i.TIM_SetIC4Prescaler)
    TIM_TimeBaseInit                         0x08001199   Thumb Code   104  stm32f4xx_tim.o(i.TIM_TimeBaseInit)
    TM_DMA_ClearFlag                         0x0800121d   Thumb Code    40  b_stm32f4_dma.o(i.TM_DMA_ClearFlag)
    TM_DMA_ClearFlags                        0x0800124d   Thumb Code    14  b_stm32f4_dma.o(i.TM_DMA_ClearFlags)
    USART1_Init                              0x0800125d   Thumb Code    90  b_stm32f4_usart.o(i.USART1_Init)
    USART_ClearFlag                          0x080012c1   Thumb Code    18  stm32f4xx_usart.o(i.USART_ClearFlag)
    USART_Cmd                                0x080012d3   Thumb Code    24  stm32f4xx_usart.o(i.USART_Cmd)
    USART_DMACmd                             0x08001317   Thumb Code    18  stm32f4xx_usart.o(i.USART_DMACmd)
    USART_ITConfig                           0x08001329   Thumb Code    74  stm32f4xx_usart.o(i.USART_ITConfig)
    USART_Init                               0x08001375   Thumb Code   204  stm32f4xx_usart.o(i.USART_Init)
    UsageFault_Handler                       0x080014a3   Thumb Code     4  stm32f4xx_it.o(i.UsageFault_Handler)
    encoder1                                 0x080014a9   Thumb Code   168  b_stm32f4_tim.o(i.encoder1)
    encoder2                                 0x08001565   Thumb Code   118  b_stm32f4_tim.o(i.encoder2)
    main                                     0x080015ed   Thumb Code    60  main.o(i.main)
    max                                      0x08001635   Thumb Code    14  stm32f4xx_it.o(i.max)
    min                                      0x08001643   Thumb Code    14  stm32f4xx_it.o(i.min)
    quay                                     0x08001651   Thumb Code   226  stm32f4xx_it.o(i.quay)
    _fp_init                                 0x0800175d   Thumb Code    10  fpinit.o(x$fpl$fpinit)
    __fplib_config_fpu_vfp                   0x08001765   Thumb Code     0  fpinit.o(x$fpl$fpinit)
    __fplib_config_pureend_doubles           0x08001765   Thumb Code     0  fpinit.o(x$fpl$fpinit)
    Region$$Table$$Base                      0x0800176c   Number         0  anon$$obj.o(Region$$Table)
    Region$$Table$$Limit                     0x0800178c   Number         0  anon$$obj.o(Region$$Table)
    SystemCoreClock                          0x20000000   Data           4  system_stm32f4xx.o(.data)
    AHBPrescTable                            0x20000004   Data          16  system_stm32f4xx.o(.data)
    count_temp1                              0x20000024   Data           4  main.o(.data)
    count_temp2                              0x20000028   Data           4  main.o(.data)
    PSP_encoder                              0x2000002c   Data           4  main.o(.data)
    p_encoder                                0x20000030   Data           4  main.o(.data)
    p_encoder_temp                           0x20000034   Data           4  main.o(.data)
    count_temp                               0x20000038   Data           4  main.o(.data)
    PSP                                      0x2000003c   Data           4  main.o(.data)
    count_recent1                            0x20000040   Data           4  main.o(.data)
    count_recent2                            0x20000044   Data           4  main.o(.data)
    count_update1                            0x20000048   Data           4  main.o(.data)
    count_update2                            0x2000004c   Data           4  main.o(.data)
    PSP_Update                               0x20000050   Data           4  main.o(.data)
    duty                                     0x20000054   Data           4  main.o(.data)
    Pule                                     0x20000058   Data           4  main.o(.data)
    speed                                    0x2000005c   Data           4  main.o(.data)
    count_e1                                 0x20000060   Data           4  main.o(.data)
    count_e2                                 0x20000064   Data           4  main.o(.data)
    USART_Buffer                             0x20000068   Data         100  main.o(.data)
    NVIC_InitStructure                       0x200000cc   Data           4  b_stm32f4_tim.o(.data)
    Num_Encoder_1                            0x200000d0   Data           4  b_stm32f4_tim.o(.data)
    x                                        0x200000d4   Data           4  stm32f4xx_it.o(.data)
    y                                        0x200000d8   Data           4  stm32f4xx_it.o(.data)
    RMP_Update                               0x200000dc   Data           4  stm32f4xx_it.o(.data)
    TIM_OCInitStructure                      0x200000e0   Data          20  b_stm32f4_tim.o(.bss)
    TIM_TimeBaseInitStructure                0x200000f4   Data          12  b_stm32f4_tim.o(.bss)
    TIM_ICInitStructure                      0x20000100   Data          10  b_stm32f4_tim.o(.bss)
    data_Buffer3                             0x2000010a   Data          40  stm32f4xx_it.o(.bss)
    data_Buffer4                             0x20000132   Data          40  stm32f4xx_it.o(.bss)
    __libspace_start                         0x20000198   Data          96  libspace.o(.bss)
    __temporary_stack_top$libspace           0x200001f8   Data           0  libspace.o(.bss)



==============================================================================

Memory Map of the image

  Image Entry point : 0x080001ad

  Load Region LR_IROM1 (Base: 0x08000000, Size: 0x0000186c, Max: 0x00200000, ABSOLUTE)

    Execution Region ER_IROM1 (Exec base: 0x08000000, Load base: 0x08000000, Size: 0x0000178c, Max: 0x00200000, ABSOLUTE)

    Exec Addr    Load Addr    Size         Type   Attr      Idx    E Section Name        Object

    0x08000000   0x08000000   0x000001ac   Data   RO          161    RESET               startup_stm32f429_439xx.o
    0x080001ac   0x080001ac   0x00000008   Code   RO         2775  * !!!main             c_w.l(__main.o)
    0x080001b4   0x080001b4   0x00000034   Code   RO         2987    !!!scatter          c_w.l(__scatter.o)
    0x080001e8   0x080001e8   0x0000001a   Code   RO         2989    !!handler_copy      c_w.l(__scatter_copy.o)
    0x08000202   0x08000202   0x00000002   PAD
    0x08000204   0x08000204   0x0000001c   Code   RO         2991    !!handler_zi        c_w.l(__scatter_zi.o)
    0x08000220   0x08000220   0x00000000   Code   RO         2770    .ARM.Collect$$_printf_percent$$00000000  c_w.l(_printf_percent.o)
    0x08000220   0x08000220   0x00000006   Code   RO         2769    .ARM.Collect$$_printf_percent$$00000009  c_w.l(_printf_d.o)
    0x08000226   0x08000226   0x00000004   Code   RO         2811    .ARM.Collect$$_printf_percent$$00000017  c_w.l(_printf_percent_end.o)
    0x0800022a   0x0800022a   0x00000002   Code   RO         2926    .ARM.Collect$$libinit$$00000000  c_w.l(libinit.o)
    0x0800022c   0x0800022c   0x00000004   Code   RO         2816    .ARM.Collect$$libinit$$00000001  c_w.l(libinit2.o)
    0x08000230   0x08000230   0x00000000   Code   RO         2819    .ARM.Collect$$libinit$$00000004  c_w.l(libinit2.o)
    0x08000230   0x08000230   0x00000000   Code   RO         2822    .ARM.Collect$$libinit$$0000000A  c_w.l(libinit2.o)
    0x08000230   0x08000230   0x00000000   Code   RO         2824    .ARM.Collect$$libinit$$0000000C  c_w.l(libinit2.o)
    0x08000230   0x08000230   0x00000000   Code   RO         2826    .ARM.Collect$$libinit$$0000000E  c_w.l(libinit2.o)
    0x08000230   0x08000230   0x00000000   Code   RO         2829    .ARM.Collect$$libinit$$00000011  c_w.l(libinit2.o)
    0x08000230   0x08000230   0x00000000   Code   RO         2831    .ARM.Collect$$libinit$$00000013  c_w.l(libinit2.o)
    0x08000230   0x08000230   0x00000000   Code   RO         2833    .ARM.Collect$$libinit$$00000015  c_w.l(libinit2.o)
    0x08000230   0x08000230   0x00000000   Code   RO         2835    .ARM.Collect$$libinit$$00000017  c_w.l(libinit2.o)
    0x08000230   0x08000230   0x00000000   Code   RO         2837    .ARM.Collect$$libinit$$00000019  c_w.l(libinit2.o)
    0x08000230   0x08000230   0x00000000   Code   RO         2839    .ARM.Collect$$libinit$$0000001B  c_w.l(libinit2.o)
    0x08000230   0x08000230   0x00000000   Code   RO         2841    .ARM.Collect$$libinit$$0000001D  c_w.l(libinit2.o)
    0x08000230   0x08000230   0x00000000   Code   RO         2843    .ARM.Collect$$libinit$$0000001F  c_w.l(libinit2.o)
    0x08000230   0x08000230   0x00000000   Code   RO         2845    .ARM.Collect$$libinit$$00000021  c_w.l(libinit2.o)
    0x08000230   0x08000230   0x00000000   Code   RO         2847    .ARM.Collect$$libinit$$00000023  c_w.l(libinit2.o)
    0x08000230   0x08000230   0x00000000   Code   RO         2849    .ARM.Collect$$libinit$$00000025  c_w.l(libinit2.o)
    0x08000230   0x08000230   0x00000000   Code   RO         2853    .ARM.Collect$$libinit$$0000002C  c_w.l(libinit2.o)
    0x08000230   0x08000230   0x00000000   Code   RO         2855    .ARM.Collect$$libinit$$0000002E  c_w.l(libinit2.o)
    0x08000230   0x08000230   0x00000000   Code   RO         2857    .ARM.Collect$$libinit$$00000030  c_w.l(libinit2.o)
    0x08000230   0x08000230   0x00000000   Code   RO         2859    .ARM.Collect$$libinit$$00000032  c_w.l(libinit2.o)
    0x08000230   0x08000230   0x00000002   Code   RO         2860    .ARM.Collect$$libinit$$00000033  c_w.l(libinit2.o)
    0x08000232   0x08000232   0x00000002   Code   RO         2984    .ARM.Collect$$libshutdown$$00000000  c_w.l(libshutdown.o)
    0x08000234   0x08000234   0x00000000   Code   RO         2940    .ARM.Collect$$libshutdown$$00000002  c_w.l(libshutdown2.o)
    0x08000234   0x08000234   0x00000000   Code   RO         2942    .ARM.Collect$$libshutdown$$00000004  c_w.l(libshutdown2.o)
    0x08000234   0x08000234   0x00000000   Code   RO         2945    .ARM.Collect$$libshutdown$$00000007  c_w.l(libshutdown2.o)
    0x08000234   0x08000234   0x00000000   Code   RO         2948    .ARM.Collect$$libshutdown$$0000000A  c_w.l(libshutdown2.o)
    0x08000234   0x08000234   0x00000000   Code   RO         2950    .ARM.Collect$$libshutdown$$0000000C  c_w.l(libshutdown2.o)
    0x08000234   0x08000234   0x00000000   Code   RO         2953    .ARM.Collect$$libshutdown$$0000000F  c_w.l(libshutdown2.o)
    0x08000234   0x08000234   0x00000002   Code   RO         2954    .ARM.Collect$$libshutdown$$00000010  c_w.l(libshutdown2.o)
    0x08000236   0x08000236   0x00000000   Code   RO         2779    .ARM.Collect$$rtentry$$00000000  c_w.l(__rtentry.o)
    0x08000236   0x08000236   0x00000000   Code   RO         2867    .ARM.Collect$$rtentry$$00000002  c_w.l(__rtentry2.o)
    0x08000236   0x08000236   0x00000006   Code   RO         2879    .ARM.Collect$$rtentry$$00000004  c_w.l(__rtentry4.o)
    0x0800023c   0x0800023c   0x00000000   Code   RO         2869    .ARM.Collect$$rtentry$$00000009  c_w.l(__rtentry2.o)
    0x0800023c   0x0800023c   0x00000004   Code   RO         2870    .ARM.Collect$$rtentry$$0000000A  c_w.l(__rtentry2.o)
    0x08000240   0x08000240   0x00000000   Code   RO         2872    .ARM.Collect$$rtentry$$0000000C  c_w.l(__rtentry2.o)
    0x08000240   0x08000240   0x00000008   Code   RO         2873    .ARM.Collect$$rtentry$$0000000D  c_w.l(__rtentry2.o)
    0x08000248   0x08000248   0x00000002   Code   RO         2929    .ARM.Collect$$rtexit$$00000000  c_w.l(rtexit.o)
    0x0800024a   0x0800024a   0x00000000   Code   RO         2958    .ARM.Collect$$rtexit$$00000002  c_w.l(rtexit2.o)
    0x0800024a   0x0800024a   0x00000004   Code   RO         2959    .ARM.Collect$$rtexit$$00000003  c_w.l(rtexit2.o)
    0x0800024e   0x0800024e   0x00000006   Code   RO         2960    .ARM.Collect$$rtexit$$00000004  c_w.l(rtexit2.o)
    0x08000254   0x08000254   0x00000040   Code   RO          162    .text               startup_stm32f429_439xx.o
    0x08000294   0x08000294   0x00000028   Code   RO         2743    .text               c_w.l(noretval__2sprintf.o)
    0x080002bc   0x080002bc   0x00000068   Code   RO         2745    .text               c_w.l(__printf.o)
    0x08000324   0x08000324   0x00000078   Code   RO         2747    .text               c_w.l(_printf_dec.o)
    0x0800039c   0x0800039c   0x0000003e   Code   RO         2771    .text               c_w.l(strlen.o)
    0x080003da   0x080003da   0x00000006   Code   RO         2773    .text               c_w.l(heapauxi.o)
    0x080003e0   0x080003e0   0x000000b2   Code   RO         2805    .text               c_w.l(_printf_intcommon.o)
    0x08000492   0x08000492   0x00000002   PAD
    0x08000494   0x08000494   0x00000030   Code   RO         2807    .text               c_w.l(_printf_char_common.o)
    0x080004c4   0x080004c4   0x0000000a   Code   RO         2809    .text               c_w.l(_sputc.o)
    0x080004ce   0x080004ce   0x00000002   PAD
    0x080004d0   0x080004d0   0x00000008   Code   RO         2863    .text               c_w.l(libspace.o)
    0x080004d8   0x080004d8   0x00000002   Code   RO         2902    .text               c_w.l(use_no_semi.o)
    0x080004da   0x080004da   0x00000000   Code   RO         2904    .text               c_w.l(indicate_semi.o)
    0x080004da   0x080004da   0x0000004a   Code   RO         2905    .text               c_w.l(sys_stackheap_outer.o)
    0x08000524   0x08000524   0x00000012   Code   RO         2911    .text               c_w.l(exit.o)
    0x08000536   0x08000536   0x00000002   PAD
    0x08000538   0x08000538   0x0000000c   Code   RO         2927    .text               c_w.l(sys_exit.o)
    0x08000544   0x08000544   0x00000038   Code   RO         2067    i.B_GPIO_Init       b_stm32f4_gpio.o
    0x0800057c   0x0800057c   0x0000004c   Code   RO         2635    i.B_USART_DMA_Init  b_stm32f4_dma.o
    0x080005c8   0x080005c8   0x00000058   Code   RO         2636    i.B_USART_DMA_Send  b_stm32f4_dma.o
    0x08000620   0x08000620   0x00000004   Code   RO         2404    i.BusFault_Handler  stm32f4xx_it.o
    0x08000624   0x08000624   0x00000068   Code   RO         2069    i.Clock_HSE         b_stm32f4_gpio.o
    0x0800068c   0x0800068c   0x00000016   Code   RO         1805    i.DMA_Cmd           stm32f4xx_dma.o
    0x080006a2   0x080006a2   0x00000002   PAD
    0x080006a4   0x080006a4   0x00000058   Code   RO         1817    i.DMA_Init          stm32f4xx_dma.o
    0x080006fc   0x080006fc   0x00000022   Code   RO         1821    i.DMA_StructInit    stm32f4xx_dma.o
    0x0800071e   0x0800071e   0x00000002   Code   RO         2405    i.DebugMon_Handler  stm32f4xx_it.o
    0x08000720   0x08000720   0x0000000c   Code   RO         1468    i.FLASH_SetLatency  stm32f4xx_flash.o
    0x0800072c   0x0800072c   0x00000090   Code   RO         1330    i.GPIO_Init         stm32f4xx_gpio.o
    0x080007bc   0x080007bc   0x00000046   Code   RO         1331    i.GPIO_PinAFConfig  stm32f4xx_gpio.o
    0x08000802   0x08000802   0x00000004   Code   RO         1337    i.GPIO_ResetBits    stm32f4xx_gpio.o
    0x08000806   0x08000806   0x00000004   Code   RO         1338    i.GPIO_SetBits      stm32f4xx_gpio.o
    0x0800080a   0x0800080a   0x00000008   Code   RO         1340    i.GPIO_ToggleBits   stm32f4xx_gpio.o
    0x08000812   0x08000812   0x00000004   Code   RO         2406    i.HardFault_Handler  stm32f4xx_it.o
    0x08000816   0x08000816   0x00000004   Code   RO         2407    i.MemManage_Handler  stm32f4xx_it.o
    0x0800081a   0x0800081a   0x00000002   Code   RO         2408    i.NMI_Handler       stm32f4xx_it.o
    0x0800081c   0x0800081c   0x00000078   Code   RO         1755    i.NVIC_Init         misc.o
    0x08000894   0x08000894   0x00000014   Code   RO         1756    i.NVIC_PriorityGroupConfig  misc.o
    0x080008a8   0x080008a8   0x00000002   Code   RO         2409    i.PendSV_Handler    stm32f4xx_it.o
    0x080008aa   0x080008aa   0x00000002   PAD
    0x080008ac   0x080008ac   0x00000020   Code   RO          991    i.RCC_AHB1PeriphClockCmd  stm32f4xx_rcc.o
    0x080008cc   0x080008cc   0x00000020   Code   RO         1000    i.RCC_APB1PeriphClockCmd  stm32f4xx_rcc.o
    0x080008ec   0x080008ec   0x00000020   Code   RO         1003    i.RCC_APB2PeriphClockCmd  stm32f4xx_rcc.o
    0x0800090c   0x0800090c   0x00000064   Code   RO         1011    i.RCC_DeInit        stm32f4xx_rcc.o
    0x08000970   0x08000970   0x000000e8   Code   RO         1012    i.RCC_GetClocksFreq  stm32f4xx_rcc.o
    0x08000a58   0x08000a58   0x00000040   Code   RO         1013    i.RCC_GetFlagStatus  stm32f4xx_rcc.o
    0x08000a98   0x08000a98   0x00000018   Code   RO         1016    i.RCC_HCLKConfig    stm32f4xx_rcc.o
    0x08000ab0   0x08000ab0   0x00000010   Code   RO         1017    i.RCC_HSEConfig     stm32f4xx_rcc.o
    0x08000ac0   0x08000ac0   0x00000018   Code   RO         1027    i.RCC_PCLK1Config   stm32f4xx_rcc.o
    0x08000ad8   0x08000ad8   0x00000018   Code   RO         1028    i.RCC_PCLK2Config   stm32f4xx_rcc.o
    0x08000af0   0x08000af0   0x0000000c   Code   RO         1029    i.RCC_PLLCmd        stm32f4xx_rcc.o
    0x08000afc   0x08000afc   0x00000024   Code   RO         1030    i.RCC_PLLConfig     stm32f4xx_rcc.o
    0x08000b20   0x08000b20   0x00000018   Code   RO         1041    i.RCC_SYSCLKConfig  stm32f4xx_rcc.o
    0x08000b38   0x08000b38   0x00000038   Code   RO         1043    i.RCC_WaitForHSEStartUp  stm32f4xx_rcc.o
    0x08000b70   0x08000b70   0x00000002   Code   RO         2410    i.SVC_Handler       stm32f4xx_it.o
    0x08000b72   0x08000b72   0x00000002   PAD
    0x08000b74   0x08000b74   0x00000120   Code   RO           11    i.SetSysClock       system_stm32f4xx.o
    0x08000c94   0x08000c94   0x00000002   Code   RO         2411    i.SysTick_Handler   stm32f4xx_it.o
    0x08000c96   0x08000c96   0x00000002   PAD
    0x08000c98   0x08000c98   0x000000c0   Code   RO           12    i.SystemCoreClockUpdate  system_stm32f4xx.o
    0x08000d58   0x08000d58   0x00000068   Code   RO           13    i.SystemInit        system_stm32f4xx.o
    0x08000dc0   0x08000dc0   0x0000003a   Code   RO          365    i.TI1_Config        stm32f4xx_tim.o
    0x08000dfa   0x08000dfa   0x00000050   Code   RO          366    i.TI2_Config        stm32f4xx_tim.o
    0x08000e4a   0x08000e4a   0x00000048   Code   RO          367    i.TI3_Config        stm32f4xx_tim.o
    0x08000e92   0x08000e92   0x00000050   Code   RO          368    i.TI4_Config        stm32f4xx_tim.o
    0x08000ee2   0x08000ee2   0x00000002   PAD
    0x08000ee4   0x08000ee4   0x00000078   Code   RO         2346    i.TIM1_INIT         b_stm32f4_tim.o
    0x08000f5c   0x08000f5c   0x00000024   Code   RO         2412    i.TIM2_IRQHandler   stm32f4xx_it.o
    0x08000f80   0x08000f80   0x00000064   Code   RO         2348    i.TIM2_TIME         b_stm32f4_tim.o
    0x08000fe4   0x08000fe4   0x00000048   Code   RO         2413    i.TIM3_IRQHandler   stm32f4xx_it.o
    0x0800102c   0x0800102c   0x00000006   Code   RO          375    i.TIM_ClearFlag     stm32f4xx_tim.o
    0x08001032   0x08001032   0x00000018   Code   RO          381    i.TIM_Cmd           stm32f4xx_tim.o
    0x0800104a   0x0800104a   0x0000001e   Code   RO          383    i.TIM_CtrlPWMOutputs  stm32f4xx_tim.o
    0x08001068   0x08001068   0x00000042   Code   RO          390    i.TIM_EncoderInterfaceConfig  stm32f4xx_tim.o
    0x080010aa   0x080010aa   0x00000012   Code   RO          401    i.TIM_GetFlagStatus  stm32f4xx_tim.o
    0x080010bc   0x080010bc   0x0000006e   Code   RO          404    i.TIM_ICInit        stm32f4xx_tim.o
    0x0800112a   0x0800112a   0x00000012   Code   RO          406    i.TIM_ITConfig      stm32f4xx_tim.o
    0x0800113c   0x0800113c   0x00000004   Code   RO          447    i.TIM_SetCounter    stm32f4xx_tim.o
    0x08001140   0x08001140   0x00000012   Code   RO          448    i.TIM_SetIC1Prescaler  stm32f4xx_tim.o
    0x08001152   0x08001152   0x0000001a   Code   RO          449    i.TIM_SetIC2Prescaler  stm32f4xx_tim.o
    0x0800116c   0x0800116c   0x00000012   Code   RO          450    i.TIM_SetIC3Prescaler  stm32f4xx_tim.o
    0x0800117e   0x0800117e   0x0000001a   Code   RO          451    i.TIM_SetIC4Prescaler  stm32f4xx_tim.o
    0x08001198   0x08001198   0x00000084   Code   RO          453    i.TIM_TimeBaseInit  stm32f4xx_tim.o
    0x0800121c   0x0800121c   0x00000030   Code   RO         2637    i.TM_DMA_ClearFlag  b_stm32f4_dma.o
    0x0800124c   0x0800124c   0x0000000e   Code   RO         2638    i.TM_DMA_ClearFlags  b_stm32f4_dma.o
    0x0800125a   0x0800125a   0x00000002   PAD
    0x0800125c   0x0800125c   0x00000064   Code   RO         2176    i.USART1_Init       b_stm32f4_usart.o
    0x080012c0   0x080012c0   0x00000012   Code   RO          169    i.USART_ClearFlag   stm32f4xx_usart.o
    0x080012d2   0x080012d2   0x00000018   Code   RO          173    i.USART_Cmd         stm32f4xx_usart.o
    0x080012ea   0x080012ea   0x0000002c   Code   RO         2177    i.USART_Config      b_stm32f4_usart.o
    0x08001316   0x08001316   0x00000012   Code   RO          174    i.USART_DMACmd      stm32f4xx_usart.o
    0x08001328   0x08001328   0x0000004a   Code   RO          179    i.USART_ITConfig    stm32f4xx_usart.o
    0x08001372   0x08001372   0x00000002   PAD
    0x08001374   0x08001374   0x000000d4   Code   RO          180    i.USART_Init        stm32f4xx_usart.o
    0x08001448   0x08001448   0x0000002e   Code   RO         2180    i.USARTx_GPIO       b_stm32f4_usart.o
    0x08001476   0x08001476   0x0000002c   Code   RO         2181    i.USARTx_NVIC       b_stm32f4_usart.o
    0x080014a2   0x080014a2   0x00000004   Code   RO         2414    i.UsageFault_Handler  stm32f4xx_it.o
    0x080014a6   0x080014a6   0x00000002   PAD
    0x080014a8   0x080014a8   0x000000bc   Code   RO         2350    i.encoder1          b_stm32f4_tim.o
    0x08001564   0x08001564   0x00000088   Code   RO         2351    i.encoder2          b_stm32f4_tim.o
    0x080015ec   0x080015ec   0x00000048   Code   RO         2112    i.main              main.o
    0x08001634   0x08001634   0x0000000e   Code   RO         2415    i.max               stm32f4xx_it.o
    0x08001642   0x08001642   0x0000000e   Code   RO         2416    i.min               stm32f4xx_it.o
    0x08001650   0x08001650   0x0000010c   Code   RO         2417    i.quay              stm32f4xx_it.o
    0x0800175c   0x0800175c   0x0000000a   Code   RO         2900    x$fpl$fpinit        fz_wm.l(fpinit.o)
    0x08001766   0x08001766   0x00000004   Data   RO         2640    .constdata          b_stm32f4_dma.o
    0x0800176a   0x0800176a   0x00000002   PAD
    0x0800176c   0x0800176c   0x00000020   Data   RO         2985    Region$$Table       anon$$obj.o


    Execution Region RW_IRAM1 (Exec base: 0x20000000, Load base: 0x0800178c, Size: 0x000007f8, Max: 0x00030000, ABSOLUTE)

    Exec Addr    Load Addr    Size         Type   Attr      Idx    E Section Name        Object

    0x20000000   0x0800178c   0x00000014   Data   RW           14    .data               system_stm32f4xx.o
    0x20000014   0x080017a0   0x00000010   Data   RW         1044    .data               stm32f4xx_rcc.o
    0x20000024   0x080017b0   0x000000a8   Data   RW         2113    .data               main.o
    0x200000cc   0x08001858   0x00000008   Data   RW         2353    .data               b_stm32f4_tim.o
    0x200000d4   0x08001860   0x0000000c   Data   RW         2419    .data               stm32f4xx_it.o
    0x200000e0        -       0x0000002a   Zero   RW         2352    .bss                b_stm32f4_tim.o
    0x2000010a        -       0x00000050   Zero   RW         2418    .bss                stm32f4xx_it.o
    0x2000015a   0x0800186c   0x00000002   PAD
    0x2000015c        -       0x0000003c   Zero   RW         2639    .bss                b_stm32f4_dma.o
    0x20000198        -       0x00000060   Zero   RW         2864    .bss                c_w.l(libspace.o)
    0x200001f8        -       0x00000200   Zero   RW          160    HEAP                startup_stm32f429_439xx.o
    0x200003f8        -       0x00000400   Zero   RW          159    STACK               startup_stm32f429_439xx.o


==============================================================================

Image component sizes


      Code (inc. data)   RO Data    RW Data    ZI Data      Debug   Object Name

       226         26          4          0         60       3461   b_stm32f4_dma.o
       160          0          0          0          0       2102   b_stm32f4_gpio.o
       544         60          0          8         42       3455   b_stm32f4_tim.o
       234         10          0          0          0       3466   b_stm32f4_usart.o
         0          0          0          0          0       1444   core_cm4.o
        72         12          0        168          0       3527   main.o
       140         24          0          0          0       2099   misc.o
        64         26        428          0       1536        944   startup_stm32f429_439xx.o
       144          6          0          0          0       3594   stm32f4xx_dma.o
        12          6          0          0          0        667   stm32f4xx_flash.o
       230          0          0          0          0       4393   stm32f4xx_gpio.o
       430         54          0         12         80       9342   stm32f4xx_it.o
       708         96          0         16          0      12725   stm32f4xx_rcc.o
       786         28          0          0          0      13980   stm32f4xx_tim.o
       346          8          0          0          0       5055   stm32f4xx_usart.o
       584         54          0         20          0     313069   system_stm32f4xx.o

    ----------------------------------------------------------------------
      4696        410        466        224       1720     383323   Object Totals
         0          0         32          0          0          0   (incl. Generated)
        16          0          2          0          2          0   (incl. Padding)

    ----------------------------------------------------------------------

      Code (inc. data)   RO Data    RW Data    ZI Data      Debug   Library Member Name

         8          0          0          0          0         68   __main.o
       104          0          0          0          0         84   __printf.o
         0          0          0          0          0          0   __rtentry.o
        12          0          0          0          0          0   __rtentry2.o
         6          0          0          0          0          0   __rtentry4.o
        52          8          0          0          0          0   __scatter.o
        26          0          0          0          0          0   __scatter_copy.o
        28          0          0          0          0          0   __scatter_zi.o
        48          6          0          0          0         96   _printf_char_common.o
         6          0          0          0          0          0   _printf_d.o
       120         16          0          0          0         92   _printf_dec.o
       178          0          0          0          0         88   _printf_intcommon.o
         0          0          0          0          0          0   _printf_percent.o
         4          0          0          0          0          0   _printf_percent_end.o
        10          0          0          0          0         68   _sputc.o
        18          0          0          0          0         80   exit.o
         6          0          0          0          0        152   heapauxi.o
         0          0          0          0          0          0   indicate_semi.o
         2          0          0          0          0          0   libinit.o
         6          0          0          0          0          0   libinit2.o
         2          0          0          0          0          0   libshutdown.o
         2          0          0          0          0          0   libshutdown2.o
         8          4          0          0         96         68   libspace.o
        40          6          0          0          0         84   noretval__2sprintf.o
         2          0          0          0          0          0   rtexit.o
        10          0          0          0          0          0   rtexit2.o
        62          0          0          0          0         76   strlen.o
        12          4          0          0          0         68   sys_exit.o
        74          0          0          0          0         80   sys_stackheap_outer.o
         2          0          0          0          0         68   use_no_semi.o
        10          0          0          0          0        116   fpinit.o

    ----------------------------------------------------------------------
       866         44          0          0         96       1288   Library Totals
         8          0          0          0          0          0   (incl. Padding)

    ----------------------------------------------------------------------

      Code (inc. data)   RO Data    RW Data    ZI Data      Debug   Library Name

       848         44          0          0         96       1172   c_w.l
        10          0          0          0          0        116   fz_wm.l

    ----------------------------------------------------------------------
       866         44          0          0         96       1288   Library Totals

    ----------------------------------------------------------------------

==============================================================================


      Code (inc. data)   RO Data    RW Data    ZI Data      Debug   

      5562        454        466        224       1816     376691   Grand Totals
      5562        454        466        224       1816     376691   ELF Image Totals
      5562        454        466        224          0          0   ROM Totals

==============================================================================

    Total RO  Size (Code + RO Data)                 6028 (   5.89kB)
    Total RW  Size (RW Data + ZI Data)              2040 (   1.99kB)
    Total ROM Size (Code + RO Data + RW Data)       6252 (   6.11kB)

==============================================================================

